Archive member included to satisfy reference by file (symbol)

/home/miesho/dev/workspace/RTOS_benchmarking_analysis/NuttX/nuttx/staging/libarch.a(stm32_start.o)
                              (__start)
/home/miesho/dev/workspace/RTOS_benchmarking_analysis/NuttX/nuttx/staging/libarch.a(stm32_rcc.o)
                              /home/miesho/dev/workspace/RTOS_benchmarking_analysis/NuttX/nuttx/staging/libarch.a(stm32_start.o) (stm32_clockconfig)
/home/miesho/dev/workspace/RTOS_benchmarking_analysis/NuttX/nuttx/staging/libarch.a(stm32_gpio.o)
                              /home/miesho/dev/workspace/RTOS_benchmarking_analysis/NuttX/nuttx/staging/libarch.a(stm32_start.o) (stm32_gpioinit)
/home/miesho/dev/workspace/RTOS_benchmarking_analysis/NuttX/nuttx/staging/libarch.a(stm32_lowputc.o)
                              /home/miesho/dev/workspace/RTOS_benchmarking_analysis/NuttX/nuttx/staging/libarch.a(stm32_start.o) (stm32_lowsetup)
/home/miesho/dev/workspace/RTOS_benchmarking_analysis/NuttX/nuttx/staging/libarch.a(stm32_serial.o)
                              /home/miesho/dev/workspace/RTOS_benchmarking_analysis/NuttX/nuttx/staging/libarch.a(stm32_start.o) (arm_earlyserialinit)
/home/miesho/dev/workspace/RTOS_benchmarking_analysis/NuttX/nuttx/staging/libarch.a(arm_modifyreg32.o)
                              /home/miesho/dev/workspace/RTOS_benchmarking_analysis/NuttX/nuttx/staging/libarch.a(stm32_lowputc.o) (modifyreg32)
/home/miesho/dev/workspace/RTOS_benchmarking_analysis/NuttX/nuttx/staging/libarch.a(arm_vectors.o)
                              (_vectors)
/home/miesho/dev/workspace/RTOS_benchmarking_analysis/NuttX/nuttx/staging/libarch.a(arm_exception.o)
                              /home/miesho/dev/workspace/RTOS_benchmarking_analysis/NuttX/nuttx/staging/libarch.a(arm_vectors.o) (exception_common)
/home/miesho/dev/workspace/RTOS_benchmarking_analysis/NuttX/nuttx/staging/libarch.a(stm32_irq.o)
                              /home/miesho/dev/workspace/RTOS_benchmarking_analysis/NuttX/nuttx/staging/libarch.a(stm32_serial.o) (up_disable_irq)
/home/miesho/dev/workspace/RTOS_benchmarking_analysis/NuttX/nuttx/staging/libarch.a(arm_doirq.o)
                              /home/miesho/dev/workspace/RTOS_benchmarking_analysis/NuttX/nuttx/staging/libarch.a(arm_exception.o) (arm_doirq)
/home/miesho/dev/workspace/RTOS_benchmarking_analysis/NuttX/nuttx/staging/libarch.a(arm_hardfault.o)
                              /home/miesho/dev/workspace/RTOS_benchmarking_analysis/NuttX/nuttx/staging/libarch.a(stm32_irq.o) (arm_hardfault)
/home/miesho/dev/workspace/RTOS_benchmarking_analysis/NuttX/nuttx/staging/libarch.a(arm_svcall.o)
                              /home/miesho/dev/workspace/RTOS_benchmarking_analysis/NuttX/nuttx/staging/libarch.a(stm32_irq.o) (arm_svcall)
/home/miesho/dev/workspace/RTOS_benchmarking_analysis/NuttX/nuttx/staging/libarch.a(arm_initialize.o)
                              /home/miesho/dev/workspace/RTOS_benchmarking_analysis/NuttX/nuttx/staging/libarch.a(arm_doirq.o) (g_current_regs)
/home/miesho/dev/workspace/RTOS_benchmarking_analysis/NuttX/nuttx/arch/arm/src/board/libboard.a(stm32_boot.o)
                              /home/miesho/dev/workspace/RTOS_benchmarking_analysis/NuttX/nuttx/staging/libarch.a(stm32_start.o) (stm32_boardinitialize)
/home/miesho/dev/workspace/RTOS_benchmarking_analysis/NuttX/nuttx/staging/libsched.a(nx_start.o)
                              /home/miesho/dev/workspace/RTOS_benchmarking_analysis/NuttX/nuttx/staging/libarch.a(stm32_start.o) (nx_start)
/home/miesho/dev/workspace/RTOS_benchmarking_analysis/NuttX/nuttx/staging/libsched.a(nx_bringup.o)
                              /home/miesho/dev/workspace/RTOS_benchmarking_analysis/NuttX/nuttx/staging/libsched.a(nx_start.o) (nx_bringup)
/home/miesho/dev/workspace/RTOS_benchmarking_analysis/NuttX/nuttx/staging/libsched.a(irq_initialize.o)
                              /home/miesho/dev/workspace/RTOS_benchmarking_analysis/NuttX/nuttx/staging/libsched.a(nx_start.o) (irq_initialize)
/home/miesho/dev/workspace/RTOS_benchmarking_analysis/NuttX/nuttx/staging/libsched.a(irq_attach.o)
                              /home/miesho/dev/workspace/RTOS_benchmarking_analysis/NuttX/nuttx/staging/libarch.a(stm32_serial.o) (irq_attach)
/home/miesho/dev/workspace/RTOS_benchmarking_analysis/NuttX/nuttx/staging/libsched.a(irq_dispatch.o)
                              /home/miesho/dev/workspace/RTOS_benchmarking_analysis/NuttX/nuttx/staging/libarch.a(arm_doirq.o) (irq_dispatch)
/home/miesho/dev/workspace/RTOS_benchmarking_analysis/NuttX/nuttx/staging/libsched.a(irq_unexpectedisr.o)
                              /home/miesho/dev/workspace/RTOS_benchmarking_analysis/NuttX/nuttx/staging/libsched.a(irq_initialize.o) (irq_unexpected_isr)
/home/miesho/dev/workspace/RTOS_benchmarking_analysis/NuttX/nuttx/staging/libsched.a(assert.o)
[...]
Memory Configuration

Name             Origin             Length             Attributes
flash            0x0000000008000000 0x0000000000080000 xr
sram             0x0000000020000000 0x0000000000020000 xrw
*default*        0x0000000000000000 0xffffffffffffffff

Linker script and memory map


.text           0x0000000008000000    0x1937b
                0x0000000008000000                _stext = ABSOLUTE (.)
 *(.vectors)
 .vectors       0x0000000008000000      0x188 /home/miesho/dev/workspace/RTOS_benchmarking_analysis/NuttX/nuttx/staging/libarch.a(arm_vectors.o)
                0x0000000008000000                _vectors
 *(.text .text.*)
 .text.__start  0x0000000008000188       0x6c /home/miesho/dev/workspace/RTOS_benchmarking_analysis/NuttX/nuttx/staging/libarch.a(stm32_start.o)
                0x0000000008000188                __start
 .text.rcc_reset
                0x00000000080001f4       0x70 /home/miesho/dev/workspace/RTOS_benchmarking_analysis/NuttX/nuttx/staging/libarch.a(stm32_rcc.o)
 .text.rcc_enableahb1
                0x0000000008000264       0x20 /home/miesho/dev/workspace/RTOS_benchmarking_analysis/NuttX/nuttx/staging/libarch.a(stm32_rcc.o)
 .text.rcc_enableahb2
                0x0000000008000284       0x18 /home/miesho/dev/workspace/RTOS_benchmarking_analysis/NuttX/nuttx/staging/libarch.a(stm32_rcc.o)
 .text.rcc_enableahb3
                0x000000000800029c        0x4 /home/miesho/dev/workspace/RTOS_benchmarking_analysis/NuttX/nuttx/staging/libarch.a(stm32_rcc.o)
 .text.rcc_enableapb1
                0x00000000080002a0       0x28 /home/miesho/dev/workspace/RTOS_benchmarking_analysis/NuttX/nuttx/staging/libarch.a(stm32_rcc.o)
 .text.rcc_enableapb2
                0x00000000080002c8       0x18 /home/miesho/dev/workspace/RTOS_benchmarking_analysis/NuttX/nuttx/staging/libarch.a(stm32_rcc.o)
 .text.stm32_stdclockconfig
                0x00000000080002e0      0x13c /home/miesho/dev/workspace/RTOS_benchmarking_analysis/NuttX/nuttx/staging/libarch.a(stm32_rcc.o)
 .text.rcc_enableperipherals
                0x000000000800041c       0x1a /home/miesho/dev/workspace/RTOS_benchmarking_analysis/NuttX/nuttx/staging/libarch.a(stm32_rcc.o)
 .text.stm32_clockconfig
                0x0000000008000436       0x12 /home/miesho/dev/workspace/RTOS_benchmarking_analysis/NuttX/nuttx/staging/libarch.a(stm32_rcc.o)
                0x0000000008000436                stm32_clockconfig
 .text.stm32_gpioremap
                0x0000000008000448        0x4 /home/miesho/dev/workspace/RTOS_benchmarking_analysis/NuttX/nuttx/staging/libarch.a(stm32_gpio.o)
 .text.stm32_gpioinit
                0x000000000800044c        0xa /home/miesho/dev/workspace/RTOS_benchmarking_analysis/NuttX/nuttx/staging/libarch.a(stm32_gpio.o)
                0x000000000800044c                stm32_gpioinit
 *fill*         0x0000000008000456        0x2 
 .text.stm32_configgpio
                0x0000000008000458      0x32c /home/miesho/dev/workspace/RTOS_benchmarking_analysis/NuttX/nuttx/staging/libarch.a(stm32_gpio.o)
                0x0000000008000458                stm32_configgpio
 .text.stm32_unconfiggpio
                0x0000000008000784       0x1c /home/miesho/dev/workspace/RTOS_benchmarking_analysis/NuttX/nuttx/staging/libarch.a(stm32_gpio.o)
                0x0000000008000784                stm32_unconfiggpio
 .text.stm32_gpiowrite
                0x00000000080007a0       0x60 /home/miesho/dev/workspace/RTOS_benchmarking_analysis/NuttX/nuttx/staging/libarch.a(stm32_gpio.o)
                0x00000000080007a0                stm32_gpiowrite
 .text.arm_lowputc
                0x0000000008000800       0x2c /home/miesho/dev/workspace/RTOS_benchmarking_analysis/NuttX/nuttx/staging/libarch.a(stm32_lowputc.o)
                0x0000000008000800                arm_lowputc
 .text.stm32_lowsetup
                0x000000000800082c       0xb8 /home/miesho/dev/workspace/RTOS_benchmarking_analysis/NuttX/nuttx/staging/libarch.a(stm32_lowputc.o)
                0x000000000800082c                stm32_lowsetup
 .text.up_serialin
                0x00000000080008e4       0x18 /home/miesho/dev/workspace/RTOS_benchmarking_analysis/NuttX/nuttx/staging/libarch.a(stm32_serial.o)
 .text.up_serialout
                0x00000000080008fc       0x1e /home/miesho/dev/workspace/RTOS_benchmarking_analysis/NuttX/nuttx/staging/libarch.a(stm32_serial.o)
 .text.up_setusartint
                0x000000000800091a       0x72 /home/miesho/dev/workspace/RTOS_benchmarking_analysis/NuttX/nuttx/staging/libarch.a(stm32_serial.o)
 .text.up_restoreusartint
                0x000000000800098c       0x48 /home/miesho/dev/workspace/RTOS_benchmarking_analysis/NuttX/nuttx/staging/libarch.a(stm32_serial.o)
 .text.up_disableusartint
                0x00000000080009d4       0x76 /home/miesho/dev/workspace/RTOS_benchmarking_analysis/NuttX/nuttx/staging/libarch.a(stm32_serial.o)
 .text.up_set_format
                0x0000000008000a4a      0x13e /home/miesho/dev/workspace/RTOS_benchmarking_analysis/NuttX/nuttx/staging/libarch.a(stm32_serial.o)
 .text.up_set_apb_clock
                0x0000000008000b88       0x5c /home/miesho/dev/workspace/RTOS_benchmarking_analysis/NuttX/nuttx/staging/libarch.a(stm32_serial.o)
 .text.up_setup
                0x0000000008000be4       0xd8 /home/miesho/dev/workspace/RTOS_benchmarking_analysis/NuttX/nuttx/staging/libarch.a(stm32_serial.o)
 .text.up_shutdown
                0x0000000008000cbc       0x66 /home/miesho/dev/workspace/RTOS_benchmarking_analysis/NuttX/nuttx/staging/libarch.a(stm32_serial.o)
 *fill*         0x0000000008000d22        0x2 
 .text.up_attach
                0x0000000008000d24       0x40 /home/miesho/dev/workspace/RTOS_benchmarking_analysis/NuttX/nuttx/staging/libarch.a(stm32_serial.o)
 .text.up_detach
                0x0000000008000d64       0x32 /home/miesho/dev/workspace/RTOS_benchmarking_analysis/NuttX/nuttx/staging/libarch.a(stm32_serial.o)
 .text.up_interrupt
                0x0000000008000d96       0xbc /home/miesho/dev/workspace/RTOS_benchmarking_analysis/NuttX/nuttx/staging/libarch.a(stm32_serial.o)
 .text.up_ioctl
                0x0000000008000e52       0x1c /home/miesho/dev/workspace/RTOS_benchmarking_analysis/NuttX/nuttx/staging/libarch.a(stm32_serial.o)
 .text.up_receive
                0x0000000008000e6e       0x40 /home/miesho/dev/workspace/RTOS_benchmarking_analysis/NuttX/nuttx/staging/libarch.a(stm32_serial.o)
 .text.up_rxint
                0x0000000008000eae       0x80 /home/miesho/dev/workspace/RTOS_benchmarking_analysis/NuttX/nuttx/staging/libarch.a(stm32_serial.o)
 .text.up_rxavailable
                0x0000000008000f2e       0x2e /home/miesho/dev/workspace/RTOS_benchmarking_analysis/NuttX/nuttx/staging/libarch.a(stm32_serial.o)
 .text.up_send  0x0000000008000f5c       0x24 /home/miesho/dev/workspace/RTOS_benchmarking_analysis/NuttX/nuttx/staging/libarch.a(stm32_serial.o)
 .text.up_txint
                0x0000000008000f80       0x7c /home/miesho/dev/workspace/RTOS_benchmarking_analysis/NuttX/nuttx/staging/libarch.a(stm32_serial.o)
 .text.up_txready
                0x0000000008000ffc       0x2e /home/miesho/dev/workspace/RTOS_benchmarking_analysis/NuttX/nuttx/staging/libarch.a(stm32_serial.o)
 *fill*         0x000000000800102a        0x2 
 .text.arm_earlyserialinit
                0x000000000800102c       0x4c /home/miesho/dev/workspace/RTOS_benchmarking_analysis/NuttX/nuttx/staging/libarch.a(stm32_serial.o)
                0x000000000800102c                arm_earlyserialinit
 .text.arm_serialinit
                0x0000000008001078       0xa4 /home/miesho/dev/workspace/RTOS_benchmarking_analysis/NuttX/nuttx/staging/libarch.a(stm32_serial.o)
                0x0000000008001078                arm_serialinit
 .text.up_putc  0x000000000800111c       0x48 /home/miesho/dev/workspace/RTOS_benchmarking_analysis/NuttX/nuttx/staging/libarch.a(stm32_serial.o)
                0x000000000800111c                up_putc
 .text.modifyreg32
                0x0000000008001164       0x54 /home/miesho/dev/workspace/RTOS_benchmarking_analysis/NuttX/nuttx/staging/libarch.a(arm_modifyreg32.o)
                0x0000000008001164                modifyreg32
 .text          0x00000000080011b8       0x44 /home/miesho/dev/workspace/RTOS_benchmarking_analysis/NuttX/nuttx/staging/libarch.a(arm_exception.o)
                0x00000000080011b8                exception_common
 .text.stm32_irqinfo
                0x00000000080011fc       0x9c /home/miesho/dev/workspace/RTOS_benchmarking_analysis/NuttX/nuttx/staging/libarch.a(stm32_irq.o)
 .text.up_irqinitialize
                0x0000000008001298       0xc0 /home/miesho/dev/workspace/RTOS_benchmarking_analysis/NuttX/nuttx/staging/libarch.a(stm32_irq.o)
                0x0000000008001298                up_irqinitialize
 .text.up_disable_irq
                0x0000000008001358       0x48 /home/miesho/dev/workspace/RTOS_benchmarking_analysis/NuttX/nuttx/staging/libarch.a(stm32_irq.o)
                0x0000000008001358                up_disable_irq
 .text.up_enable_irq
                0x00000000080013a0       0x46 /home/miesho/dev/workspace/RTOS_benchmarking_analysis/NuttX/nuttx/staging/libarch.a(stm32_irq.o)
                0x00000000080013a0                up_enable_irq
 .text.arm_ack_irq
                0x00000000080013e6        0xa /home/miesho/dev/workspace/RTOS_benchmarking_analysis/NuttX/nuttx/staging/libarch.a(stm32_irq.o)
                0x00000000080013e6                arm_ack_irq
 .text.arm_doirq
                0x00000000080013f0       0x58 /home/miesho/dev/workspace/RTOS_benchmarking_analysis/NuttX/nuttx/staging/libarch.a(arm_doirq.o)
                0x00000000080013f0                arm_doirq
 .text.arm_hardfault
                0x0000000008001448       0x90 /home/miesho/dev/workspace/RTOS_benchmarking_analysis/NuttX/nuttx/staging/libarch.a(arm_hardfault.o)
                0x0000000008001448                arm_hardfault
 .text.arm_svcall
                0x00000000080014d8       0x54 /home/miesho/dev/workspace/RTOS_benchmarking_analysis/NuttX/nuttx/staging/libarch.a(arm_svcall.o)
                0x00000000080014d8                arm_svcall
 .text.up_initialize
                0x000000000800152c        0xa /home/miesho/dev/workspace/RTOS_benchmarking_analysis/NuttX/nuttx/staging/libarch.a(arm_initialize.o)
                0x000000000800152c                up_initialize
 .text.stm32_boardinitialize
                0x0000000008001536        0x4 /home/miesho/dev/workspace/RTOS_benchmarking_analysis/NuttX/nuttx/arch/arm/src/board/libboard.a(stm32_boot.o)
                0x0000000008001536                stm32_boardinitialize
 *fill*         0x000000000800153a        0x2 
 .text.nx_start
                0x000000000800153c      0x354 /home/miesho/dev/workspace/RTOS_benchmarking_analysis/NuttX/nuttx/staging/libsched.a(nx_start.o)
                0x000000000800153c                nx_start
 .text.nx_start_application
                0x0000000008001890       0x44 /home/miesho/dev/workspace/RTOS_benchmarking_analysis/NuttX/nuttx/staging/libsched.a(nx_bringup.o)
 .text.nx_create_initthread
                0x00000000080018d4        0xa /home/miesho/dev/workspace/RTOS_benchmarking_analysis/NuttX/nuttx/staging/libsched.a(nx_bringup.o)
 *fill*         0x00000000080018de        0x2 
 .text.nx_bringup
                0x00000000080018e0       0x20 /home/miesho/dev/workspace/RTOS_benchmarking_analysis/NuttX/nuttx/staging/libsched.a(nx_bringup.o)
                0x00000000080018e0                nx_bringup
 .text.irq_initialize
                0x0000000008001900       0x34 /home/miesho/dev/workspace/RTOS_benchmarking_analysis/NuttX/nuttx/staging/libsched.a(irq_initialize.o)
                0x0000000008001900                irq_initialize
 .text.irq_attach
                0x0000000008001934       0x84 /home/miesho/dev/workspace/RTOS_benchmarking_analysis/NuttX/nuttx/staging/libsched.a(irq_attach.o)
                0x0000000008001934                irq_attach
 .text.irq_dispatch
                0x00000000080019b8       0x68 /home/miesho/dev/workspace/RTOS_benchmarking_analysis/NuttX/nuttx/staging/libsched.a(irq_dispatch.o)
                0x00000000080019b8                irq_dispatch
 .text.irq_unexpected_isr
                0x0000000008001a20       0x24 /home/miesho/dev/workspace/RTOS_benchmarking_analysis/NuttX/nuttx/staging/libsched.a(irq_unexpectedisr.o)
                0x0000000008001a20                irq_unexpected_isr
 .text.up_interrupt_context
                0x0000000008001a44       0x20 /home/miesho/dev/workspace/RTOS_benchmarking_analysis/NuttX/nuttx/staging/libsched.a(assert.o)
 .text.stack_dump
                0x0000000008001a64       0x88 /home/miesho/dev/workspace/RTOS_benchmarking_analysis/NuttX/nuttx/staging/libsched.a(assert.o)
 .text.dump_stack
                0x0000000008001aec       0x88 /home/miesho/dev/workspace/RTOS_benchmarking_analysis/NuttX/nuttx/staging/libsched.a(assert.o)
 .text.dump_stacks
                0x0000000008001b74       0xec /home/miesho/dev/workspace/RTOS_benchmarking_analysis/NuttX/nuttx/staging/libsched.a(assert.o)
 .text.dump_task
                0x0000000008001c60      0x13c /home/miesho/dev/workspace/RTOS_benchmarking_analysis/NuttX/nuttx/staging/libsched.a(assert.o)
 .text.dump_tasks
                0x0000000008001d9c       0x48 /home/miesho/dev/workspace/RTOS_benchmarking_analysis/NuttX/nuttx/staging/libsched.a(assert.o)
 .text._assert  0x0000000008001de4      0x140 /home/miesho/dev/workspace/RTOS_benchmarking_analysis/NuttX/nuttx/staging/libsched.a(assert.o)
                0x0000000008001de4                _assert
 .text.panic_notifier_call_chain
                0x0000000008001f24       0x8c /home/miesho/dev/workspace/RTOS_benchmarking_analysis/NuttX/nuttx/staging/libsched.a(panic_notifier.o)
                0x0000000008001f24                panic_notifier_call_chain
 .text.register_reboot_notifier
                0x0000000008001fb0       0x90 /home/miesho/dev/workspace/RTOS_benchmarking_analysis/NuttX/nuttx/staging/libsched.a(reboot_notifier.o)
                0x0000000008001fb0                register_reboot_notifier
 .text.reboot_notifier_call_chain
                0x0000000008002040       0x8c /home/miesho/dev/workspace/RTOS_benchmarking_analysis/NuttX/nuttx/staging/libsched.a(reboot_notifier.o)
                0x0000000008002040                reboot_notifier_call_chain
 .text.mq_msgblockalloc
                0x00000000080020cc       0x7c /home/miesho/dev/workspace/RTOS_benchmarking_analysis/NuttX/nuttx/staging/libsched.a(mq_initialize.o)
 .text.nxmq_initialize
                0x0000000008002148       0x24 /home/miesho/dev/workspace/RTOS_benchmarking_analysis/NuttX/nuttx/staging/libsched.a(mq_initialize.o)
                0x0000000008002148                nxmq_initialize
 .text.nxmsg_initialize
                0x000000000800216c       0x60 /home/miesho/dev/workspace/RTOS_benchmarking_analysis/NuttX/nuttx/staging/libsched.a(msginternal.o)
                0x000000000800216c                nxmsg_initialize
 .text.nxsched_foreach
                0x00000000080021cc       0x7c /home/miesho/dev/workspace/RTOS_benchmarking_analysis/NuttX/nuttx/staging/libsched.a(sched_foreach.o)
                0x00000000080021cc                nxsched_foreach
 .text.up_interrupt_context
                0x0000000008002248       0x20 /home/miesho/dev/workspace/RTOS_benchmarking_analysis/NuttX/nuttx/staging/libsched.a(sched_lock.o)
 .text.sched_lock
                0x0000000008002268       0x40 /home/miesho/dev/workspace/RTOS_benchmarking_analysis/NuttX/nuttx/staging/libsched.a(sched_lock.o)
                0x0000000008002268                sched_lock
 .text.up_interrupt_context
                0x00000000080022a8       0x20 /home/miesho/dev/workspace/RTOS_benchmarking_analysis/NuttX/nuttx/staging/libsched.a(sched_unlock.o)
 .text.sched_unlock
                0x00000000080022c8       0xc8 /home/miesho/dev/workspace/RTOS_benchmarking_analysis/NuttX/nuttx/staging/libsched.a(sched_unlock.o)
                0x00000000080022c8                sched_unlock
 .text.nxsched_get_stateinfo
                0x0000000008002390       0x9c /home/miesho/dev/workspace/RTOS_benchmarking_analysis/NuttX/nuttx/staging/libsched.a(sched_get_stateinfo.o)
                0x0000000008002390                nxsched_get_stateinfo
 .text.nxsig_alloc_block
                0x000000000800242c       0x88 /home/miesho/dev/workspace/RTOS_benchmarking_analysis/NuttX/nuttx/staging/libsched.a(sig_initialize.o)
 .text.nxsig_alloc_pendingsignalblock
                0x00000000080024b4       0x8e /home/miesho/dev/workspace/RTOS_benchmarking_analysis/NuttX/nuttx/staging/libsched.a(sig_initialize.o)
 *fill*         0x0000000008002542        0x2 
 .text.nxsig_initialize
                0x0000000008002544       0xa8 /home/miesho/dev/workspace/RTOS_benchmarking_analysis/NuttX/nuttx/staging/libsched.a(sig_initialize.o)
                0x0000000008002544                nxsig_initialize
 .text.nxtask_spawn_create
                0x00000000080025ec       0x90 /home/miesho/dev/workspace/RTOS_benchmarking_analysis/NuttX/nuttx/staging/libsched.a(task_spawn.o)
 .text.nxtask_spawn_exec
                0x000000000800267c       0xb6 /home/miesho/dev/workspace/RTOS_benchmarking_analysis/NuttX/nuttx/staging/libsched.a(task_spawn.o)
 .text.task_spawn
                0x0000000008002732       0x58 /home/miesho/dev/workspace/RTOS_benchmarking_analysis/NuttX/nuttx/staging/libsched.a(task_spawn.o)
                0x0000000008002732                task_spawn
 *fill*         0x000000000800278a        0x2 
 .text.timer_initialize
                0x000000000800278c       0x8c /home/miesho/dev/workspace/RTOS_benchmarking_analysis/NuttX/nuttx/staging/libsched.a(timer_initialize.o)
                0x000000000800278c                timer_initialize
 .text.timer_deleteall
                0x0000000008002818       0x64 /home/miesho/dev/workspace/RTOS_benchmarking_analysis/NuttX/nuttx/staging/libsched.a(timer_initialize.o)
                0x0000000008002818                timer_deleteall
 .text.timer_gethandle
                0x000000000800287c       0x64 /home/miesho/dev/workspace/RTOS_benchmarking_analysis/NuttX/nuttx/staging/libsched.a(timer_initialize.o)
                0x000000000800287c                timer_gethandle
 .text.timer_delete
                0x00000000080028e0       0x38 /home/miesho/dev/workspace/RTOS_benchmarking_analysis/NuttX/nuttx/staging/libsched.a(timer_delete.o)
                0x00000000080028e0                timer_delete
 .text.timer_free
                0x0000000008002918       0xf4 /home/miesho/dev/workspace/RTOS_benchmarking_analysis/NuttX/nuttx/staging/libsched.a(timer_release.o)
 .text.timer_release
                0x0000000008002a0c       0x44 /home/miesho/dev/workspace/RTOS_benchmarking_analysis/NuttX/nuttx/staging/libsched.a(timer_release.o)
                0x0000000008002a0c                timer_release
 .text.tls_init_info
                0x0000000008002a50       0x30 /home/miesho/dev/workspace/RTOS_benchmarking_analysis/NuttX/nuttx/staging/libsched.a(tls_initinfo.o)
                0x0000000008002a50                tls_init_info
 .text.wd_cancel
                0x0000000008002a80       0xb0 /home/miesho/dev/workspace/RTOS_benchmarking_analysis/NuttX/nuttx/staging/libsched.a(wd_cancel.o)
                0x0000000008002a80                wd_cancel
 .text.clock_initialize
                0x0000000008002b30        0xa /home/miesho/dev/workspace/RTOS_benchmarking_analysis/NuttX/nuttx/staging/libsched.a(clock_initialize.o)
                0x0000000008002b30                clock_initialize
 *fill*         0x0000000008002b3a        0x2 
 .text.clock_timer
                0x0000000008002b3c       0x14 /home/miesho/dev/workspace/RTOS_benchmarking_analysis/NuttX/nuttx/staging/libsched.a(clock_initialize.o)
                0x0000000008002b3c                clock_timer
 .text.get_environ_ptr
                0x0000000008002b50       0x18 /home/miesho/dev/workspace/RTOS_benchmarking_analysis/NuttX/nuttx/staging/libsched.a(env_getenvironptr.o)
                0x0000000008002b50                get_environ_ptr
 .text.setenv   0x0000000008002b68      0x158 /home/miesho/dev/workspace/RTOS_benchmarking_analysis/NuttX/nuttx/staging/libsched.a(env_setenv.o)
                0x0000000008002b68                setenv
 .text.unsetenv
                0x0000000008002cc0       0x74 /home/miesho/dev/workspace/RTOS_benchmarking_analysis/NuttX/nuttx/staging/libsched.a(env_unsetenv.o)
                0x0000000008002cc0                unsetenv
 .text.group_allocate
                0x0000000008002d34       0x9e /home/miesho/dev/workspace/RTOS_benchmarking_analysis/NuttX/nuttx/staging/libsched.a(group_create.o)
                0x0000000008002d34                group_allocate
 *fill*         0x0000000008002dd2        0x2 
 .text.group_initialize
                0x0000000008002dd4       0x88 /home/miesho/dev/workspace/RTOS_benchmarking_analysis/NuttX/nuttx/staging/libsched.a(group_create.o)
                0x0000000008002dd4                group_initialize
 .text.group_setupidlefiles
                0x0000000008002e5c       0x4c /home/miesho/dev/workspace/RTOS_benchmarking_analysis/NuttX/nuttx/staging/libsched.a(group_setupidlefiles.o)
                0x0000000008002e5c                group_setupidlefiles
 .text.group_setuptaskfiles
                0x0000000008002ea8       0x48 /home/miesho/dev/workspace/RTOS_benchmarking_analysis/NuttX/nuttx/staging/libsched.a(group_setuptaskfiles.o)
                0x0000000008002ea8                group_setuptaskfiles
 .text.group_argvstr
                0x0000000008002ef0       0xc4 /home/miesho/dev/workspace/RTOS_benchmarking_analysis/NuttX/nuttx/staging/libsched.a(group_argvstr.o)
                0x0000000008002ef0                group_argvstr
 .text.nxsched_merge_pending
                0x0000000008002fb4       0xc4 /home/miesho/dev/workspace/RTOS_benchmarking_analysis/NuttX/nuttx/staging/libsched.a(sched_mergepending.o)
                0x0000000008002fb4                nxsched_merge_pending
 .text.nxsched_get_param
                0x0000000008003078       0x70 /home/miesho/dev/workspace/RTOS_benchmarking_analysis/NuttX/nuttx/staging/libsched.a(sched_getparam.o)
                0x0000000008003078                nxsched_get_param
 .text.sched_getparam
                0x00000000080030e8       0x34 /home/miesho/dev/workspace/RTOS_benchmarking_analysis/NuttX/nuttx/staging/libsched.a(sched_getparam.o)
                0x00000000080030e8                sched_getparam
 .text.nxtask_init
                0x000000000800311c      0x110 /home/miesho/dev/workspace/RTOS_benchmarking_analysis/NuttX/nuttx/staging/libsched.a(task_init.o)
                0x000000000800311c                nxtask_init
 .text.nxtask_uninit
                0x000000000800322c       0x6c /home/miesho/dev/workspace/RTOS_benchmarking_analysis/NuttX/nuttx/staging/libsched.a(task_init.o)
                0x000000000800322c                nxtask_uninit
 .text.nxtask_assign_pid
                0x0000000008003298      0x148 /home/miesho/dev/workspace/RTOS_benchmarking_analysis/NuttX/nuttx/staging/libsched.a(task_setup.o)
 .text.nxthread_setup_scheduler
                0x00000000080033e0       0xfc /home/miesho/dev/workspace/RTOS_benchmarking_analysis/NuttX/nuttx/staging/libsched.a(task_setup.o)
 .text.nxtask_setup_stackargs
                0x00000000080034dc      0x144 /home/miesho/dev/workspace/RTOS_benchmarking_analysis/NuttX/nuttx/staging/libsched.a(task_setup.o)
 .text.nxtask_setup_scheduler
                0x0000000008003620       0x28 /home/miesho/dev/workspace/RTOS_benchmarking_analysis/NuttX/nuttx/staging/libsched.a(task_setup.o)
                0x0000000008003620                nxtask_setup_scheduler
 .text.pthread_setup_scheduler
                0x0000000008003648       0x26 /home/miesho/dev/workspace/RTOS_benchmarking_analysis/NuttX/nuttx/staging/libsched.a(task_setup.o)
                0x0000000008003648                pthread_setup_scheduler
 *fill*         0x000000000800366e        0x2 
 .text.nxtask_setup_arguments
                0x0000000008003670       0x2c /home/miesho/dev/workspace/RTOS_benchmarking_analysis/NuttX/nuttx/staging/libsched.a(task_setup.o)
                0x0000000008003670                nxtask_setup_arguments
 .text.nxtask_activate
                0x000000000800369c       0x5c /home/miesho/dev/workspace/RTOS_benchmarking_analysis/NuttX/nuttx/staging/libsched.a(task_activate.o)
                0x000000000800369c                nxtask_activate
 .text.nxtask_start
                0x00000000080036f8       0x7c /home/miesho/dev/workspace/RTOS_benchmarking_analysis/NuttX/nuttx/staging/libsched.a(task_start.o)
                0x00000000080036f8                nxtask_start
 .text.nxspawn_close
                0x0000000008003774       0x1e /home/miesho/dev/workspace/RTOS_benchmarking_analysis/NuttX/nuttx/staging/libsched.a(task_spawnparms.o)
 .text.nxspawn_dup2
                0x0000000008003792       0x22 /home/miesho/dev/workspace/RTOS_benchmarking_analysis/NuttX/nuttx/staging/libsched.a(task_spawnparms.o)
 .text.nxspawn_open
                0x00000000080037b4       0x70 /home/miesho/dev/workspace/RTOS_benchmarking_analysis/NuttX/nuttx/staging/libsched.a(task_spawnparms.o)
 .text.spawn_execattrs
                0x0000000008003824       0x84 /home/miesho/dev/workspace/RTOS_benchmarking_analysis/NuttX/nuttx/staging/libsched.a(task_spawnparms.o)
                0x0000000008003824                spawn_execattrs
 .text.spawn_proxyattrs
                0x00000000080038a8       0x2e /home/miesho/dev/workspace/RTOS_benchmarking_analysis/NuttX/nuttx/staging/libsched.a(task_spawnparms.o)
                0x00000000080038a8                spawn_proxyattrs
 .text.spawn_file_actions
                0x00000000080038d6       0x70 /home/miesho/dev/workspace/RTOS_benchmarking_analysis/NuttX/nuttx/staging/libsched.a(task_spawnparms.o)
                0x00000000080038d6                spawn_file_actions
 *fill*         0x0000000008003946        0x2 
 .text._exit    0x0000000008003948       0x2c /home/miesho/dev/workspace/RTOS_benchmarking_analysis/NuttX/nuttx/staging/libsched.a(exit.o)
                0x0000000008003948                _exit
 .text.task_init_info
                0x0000000008003974       0x3c /home/miesho/dev/workspace/RTOS_benchmarking_analysis/NuttX/nuttx/staging/libsched.a(task_initinfo.o)
                0x0000000008003974                task_init_info
 .text.env_dup  0x00000000080039b0      0x10e /home/miesho/dev/workspace/RTOS_benchmarking_analysis/NuttX/nuttx/staging/libsched.a(env_dup.o)
                0x00000000080039b0                env_dup
 .text.env_cmpname
                0x0000000008003abe       0x3c /home/miesho/dev/workspace/RTOS_benchmarking_analysis/NuttX/nuttx/staging/libsched.a(env_findvar.o)
 .text.env_findvar
                0x0000000008003afa       0x5c /home/miesho/dev/workspace/RTOS_benchmarking_analysis/NuttX/nuttx/staging/libsched.a(env_findvar.o)
                0x0000000008003afa                env_findvar
 .text.env_removevar
                0x0000000008003b56       0xa4 /home/miesho/dev/workspace/RTOS_benchmarking_analysis/NuttX/nuttx/staging/libsched.a(env_removevar.o)
                0x0000000008003b56                env_removevar
 *fill*         0x0000000008003bfa        0x2 
 .text.group_remove
                0x0000000008003bfc       0x80 /home/miesho/dev/workspace/RTOS_benchmarking_analysis/NuttX/nuttx/staging/libsched.a(group_leave.o)
 .text.group_release
                0x0000000008003c7c       0x6c /home/miesho/dev/workspace/RTOS_benchmarking_analysis/NuttX/nuttx/staging/libsched.a(group_leave.o)
 .text.group_removemember
                0x0000000008003ce8       0x8c /home/miesho/dev/workspace/RTOS_benchmarking_analysis/NuttX/nuttx/staging/libsched.a(group_leave.o)
 .text.group_leave
                0x0000000008003d74       0x3a /home/miesho/dev/workspace/RTOS_benchmarking_analysis/NuttX/nuttx/staging/libsched.a(group_leave.o)
                0x0000000008003d74                group_leave
 .text.group_drop
                0x0000000008003dae       0x28 /home/miesho/dev/workspace/RTOS_benchmarking_analysis/NuttX/nuttx/staging/libsched.a(group_leave.o)
                0x0000000008003dae                group_drop
 .text.group_setupstreams
                0x0000000008003dd6       0x34 /home/miesho/dev/workspace/RTOS_benchmarking_analysis/NuttX/nuttx/staging/libsched.a(group_setupstreams.o)
                0x0000000008003dd6                group_setupstreams
 .text.group_kill_children_handler
                0x0000000008003e0a       0x54 /home/miesho/dev/workspace/RTOS_benchmarking_analysis/NuttX/nuttx/staging/libsched.a(group_killchildren.o)
 *fill*         0x0000000008003e5e        0x2 
 .text.group_kill_children
                0x0000000008003e60       0x40 /home/miesho/dev/workspace/RTOS_benchmarking_analysis/NuttX/nuttx/staging/libsched.a(group_killchildren.o)
                0x0000000008003e60                group_kill_children
 .text.pthread_cancel
                0x0000000008003ea0       0x64 /home/miesho/dev/workspace/RTOS_benchmarking_analysis/NuttX/nuttx/staging/libsched.a(pthread_cancel.o)
                0x0000000008003ea0                pthread_cancel
 .text.pthread_notifywaiters
                0x0000000008003f04       0x7a /home/miesho/dev/workspace/RTOS_benchmarking_analysis/NuttX/nuttx/staging/libsched.a(pthread_completejoin.o)
 .text.pthread_removejoininfo
                0x0000000008003f7e       0x7c /home/miesho/dev/workspace/RTOS_benchmarking_analysis/NuttX/nuttx/staging/libsched.a(pthread_completejoin.o)
 .text.pthread_completejoin
                0x0000000008003ffa       0xb6 /home/miesho/dev/workspace/RTOS_benchmarking_analysis/NuttX/nuttx/staging/libsched.a(pthread_completejoin.o)
                0x0000000008003ffa                pthread_completejoin
 .text.pthread_destroyjoin
                0x00000000080040b0       0x36 /home/miesho/dev/workspace/RTOS_benchmarking_analysis/NuttX/nuttx/staging/libsched.a(pthread_completejoin.o)
                0x00000000080040b0                pthread_destroyjoin
 .text.pthread_createjoininfo
                0x00000000080040e6       0x96 /home/miesho/dev/workspace/RTOS_benchmarking_analysis/NuttX/nuttx/staging/libsched.a(pthread_findjoininfo.o)
                0x00000000080040e6                pthread_createjoininfo
 .text.pthread_findjoininfo
                0x000000000800417c       0x8e /home/miesho/dev/workspace/RTOS_benchmarking_analysis/NuttX/nuttx/staging/libsched.a(pthread_findjoininfo.o)
                0x000000000800417c                pthread_findjoininfo
 .text.pthread_release
                0x000000000800420a       0x4a /home/miesho/dev/workspace/RTOS_benchmarking_analysis/NuttX/nuttx/staging/libsched.a(pthread_release.o)
                0x000000000800420a                pthread_release
 .text.nxsched_add_readytorun
                0x0000000008004254       0x7c /home/miesho/dev/workspace/RTOS_benchmarking_analysis/NuttX/nuttx/staging/libsched.a(sched_addreadytorun.o)
                0x0000000008004254                nxsched_add_readytorun
 .text.nxsched_add_prioritized
                0x00000000080042d0       0xce /home/miesho/dev/workspace/RTOS_benchmarking_analysis/NuttX/nuttx/staging/libsched.a(sched_addprioritized.o)
                0x00000000080042d0                nxsched_add_prioritized
 *fill*         0x000000000800439e        0x2 
 .text.nxsched_remove_blocked
                0x00000000080043a0       0xcc /home/miesho/dev/workspace/RTOS_benchmarking_analysis/NuttX/nuttx/staging/libsched.a(sched_removeblocked.o)
                0x00000000080043a0                nxsched_remove_blocked
 .text.nxsched_get_tcb
                0x000000000800446c       0x8c /home/miesho/dev/workspace/RTOS_benchmarking_analysis/NuttX/nuttx/staging/libsched.a(sched_gettcb.o)
                0x000000000800446c                nxsched_get_tcb
 .text.nxsched_releasepid
                0x00000000080044f8       0x54 /home/miesho/dev/workspace/RTOS_benchmarking_analysis/NuttX/nuttx/staging/libsched.a(sched_releasetcb.o)
 .text.nxsched_release_tcb
                0x000000000800454c       0x5c /home/miesho/dev/workspace/RTOS_benchmarking_analysis/NuttX/nuttx/staging/libsched.a(sched_releasetcb.o)
                0x000000000800454c                nxsched_release_tcb
 .text.nxsched_set_param
                0x00000000080045a8       0x6c /home/miesho/dev/workspace/RTOS_benchmarking_analysis/NuttX/nuttx/staging/libsched.a(sched_setparam.o)
                0x00000000080045a8                nxsched_set_param
 .text.sched_setparam
                0x0000000008004614       0x34 /home/miesho/dev/workspace/RTOS_benchmarking_analysis/NuttX/nuttx/staging/libsched.a(sched_setparam.o)
                0x0000000008004614                sched_setparam
 .text.nxsched_running_setpriority
                0x0000000008004648       0x98 /home/miesho/dev/workspace/RTOS_benchmarking_analysis/NuttX/nuttx/staging/libsched.a(sched_setpriority.o)
 .text.nxsched_readytorun_setpriority
                0x00000000080046e0       0x64 /home/miesho/dev/workspace/RTOS_benchmarking_analysis/NuttX/nuttx/staging/libsched.a(sched_setpriority.o)
 .text.nxsched_blocked_setpriority
                0x0000000008004744       0xc4 /home/miesho/dev/workspace/RTOS_benchmarking_analysis/NuttX/nuttx/staging/libsched.a(sched_setpriority.o)
 .text.nxsched_set_priority
                0x0000000008004808       0x76 /home/miesho/dev/workspace/RTOS_benchmarking_analysis/NuttX/nuttx/staging/libsched.a(sched_setpriority.o)
                0x0000000008004808                nxsched_set_priority
 .text.nxsched_set_scheduler
                0x000000000800487e       0xe0 /home/miesho/dev/workspace/RTOS_benchmarking_analysis/NuttX/nuttx/staging/libsched.a(sched_setscheduler.o)
                0x000000000800487e                nxsched_set_scheduler
 *fill*         0x000000000800495e        0x2 
 .text.nxsched_reprioritize_rtr
                0x0000000008004960       0x60 /home/miesho/dev/workspace/RTOS_benchmarking_analysis/NuttX/nuttx/staging/libsched.a(sched_reprioritizertr.o)
                0x0000000008004960                nxsched_reprioritize_rtr
 .text.nxsem_destroy
                0x00000000080049c0       0x1c /home/miesho/dev/workspace/RTOS_benchmarking_analysis/NuttX/nuttx/staging/libsched.a(sem_destroy.o)
                0x00000000080049c0                nxsem_destroy
 .text.sem_destroy
                0x00000000080049dc       0x46 /home/miesho/dev/workspace/RTOS_benchmarking_analysis/NuttX/nuttx/staging/libsched.a(sem_destroy.o)
                0x00000000080049dc                sem_destroy
 *fill*         0x0000000008004a22        0x2 
 .text.nxsem_wait
                0x0000000008004a24       0xd4 /home/miesho/dev/workspace/RTOS_benchmarking_analysis/NuttX/nuttx/staging/libsched.a(sem_wait.o)
                0x0000000008004a24                nxsem_wait
 .text.nxsem_wait_uninterruptible
                0x0000000008004af8       0x20 /home/miesho/dev/workspace/RTOS_benchmarking_analysis/NuttX/nuttx/staging/libsched.a(sem_wait.o)
                0x0000000008004af8                nxsem_wait_uninterruptible
 .text.sem_wait
                0x0000000008004b18       0x4c /home/miesho/dev/workspace/RTOS_benchmarking_analysis/NuttX/nuttx/staging/libsched.a(sem_wait.o)
                0x0000000008004b18                sem_wait
 .text.nxsig_procmask
                0x0000000008004b64       0xcc /home/miesho/dev/workspace/RTOS_benchmarking_analysis/NuttX/nuttx/staging/libsched.a(sig_procmask.o)
                0x0000000008004b64                nxsig_procmask
 .text.nxsig_unmask_pendingsignal
                0x0000000008004c30       0xa8 /home/miesho/dev/workspace/RTOS_benchmarking_analysis/NuttX/nuttx/staging/libsched.a(sig_unmaskpendingsignal.o)
                0x0000000008004c30                nxsig_unmask_pendingsignal
 .text.nxsig_remove_pendingsignal
                0x0000000008004cd8       0x8c /home/miesho/dev/workspace/RTOS_benchmarking_analysis/NuttX/nuttx/staging/libsched.a(sig_removependingsignal.o)
                0x0000000008004cd8                nxsig_remove_pendingsignal
 .text.nxsig_release_pendingsignal
                0x0000000008004d64       0xe4 /home/miesho/dev/workspace/RTOS_benchmarking_analysis/NuttX/nuttx/staging/libsched.a(sig_releasependingsignal.o)
                0x0000000008004d64                nxsig_release_pendingsignal
 .text.nxsig_lowest
                0x0000000008004e48       0x36 /home/miesho/dev/workspace/RTOS_benchmarking_analysis/NuttX/nuttx/staging/libsched.a(sig_lowest.o)
                0x0000000008004e48                nxsig_lowest
 .text.nxsig_cleanup
                0x0000000008004e7e       0x56 /home/miesho/dev/workspace/RTOS_benchmarking_analysis/NuttX/nuttx/staging/libsched.a(sig_cleanup.o)
                0x0000000008004e7e                nxsig_cleanup
 .text.nxsig_release
                0x0000000008004ed4       0x44 /home/miesho/dev/workspace/RTOS_benchmarking_analysis/NuttX/nuttx/staging/libsched.a(sig_cleanup.o)
                0x0000000008004ed4                nxsig_release
 .text.up_interrupt_context
                0x0000000008004f18       0x20 /home/miesho/dev/workspace/RTOS_benchmarking_analysis/NuttX/nuttx/staging/libsched.a(sig_dispatch.o)
 .text.nxsig_queue_action
                0x0000000008004f38       0xf8 /home/miesho/dev/workspace/RTOS_benchmarking_analysis/NuttX/nuttx/staging/libsched.a(sig_dispatch.o)
 .text.nxsig_alloc_pendingsignal
                0x0000000008005030       0x84 /home/miesho/dev/workspace/RTOS_benchmarking_analysis/NuttX/nuttx/staging/libsched.a(sig_dispatch.o)
 .text.nxsig_find_pendingsignal
                0x00000000080050b4       0x5a /home/miesho/dev/workspace/RTOS_benchmarking_analysis/NuttX/nuttx/staging/libsched.a(sig_dispatch.o)
 .text.nxsig_dispatch_kernel_action
                0x000000000800510e       0x4e /home/miesho/dev/workspace/RTOS_benchmarking_analysis/NuttX/nuttx/staging/libsched.a(sig_dispatch.o)
 .text.nxsig_add_pendingsignal
                0x000000000800515c       0xb6 /home/miesho/dev/workspace/RTOS_benchmarking_analysis/NuttX/nuttx/staging/libsched.a(sig_dispatch.o)
 *fill*         0x0000000008005212        0x2 
 .text.nxsig_tcbdispatch
                0x0000000008005214      0x25c /home/miesho/dev/workspace/RTOS_benchmarking_analysis/NuttX/nuttx/staging/libsched.a(sig_dispatch.o)
                0x0000000008005214                nxsig_tcbdispatch
 .text.nxsig_dispatch
                0x0000000008005470       0x44 /home/miesho/dev/workspace/RTOS_benchmarking_analysis/NuttX/nuttx/staging/libsched.a(sig_dispatch.o)
                0x0000000008005470                nxsig_dispatch
 .text.nxsig_deliver
                0x00000000080054b4      0x210 /home/miesho/dev/workspace/RTOS_benchmarking_analysis/NuttX/nuttx/staging/libsched.a(sig_deliver.o)
                0x00000000080054b4                nxsig_deliver
 .text.nxtask_delete
                0x00000000080056c4       0x8c /home/miesho/dev/workspace/RTOS_benchmarking_analysis/NuttX/nuttx/staging/libsched.a(task_delete.o)
                0x00000000080056c4                nxtask_delete
 .text.nxtask_exitwakeup
                0x0000000008005750       0x64 /home/miesho/dev/workspace/RTOS_benchmarking_analysis/NuttX/nuttx/staging/libsched.a(task_exithook.o)
 .text.nxtask_exithook
                0x00000000080057b4       0x46 /home/miesho/dev/workspace/RTOS_benchmarking_analysis/NuttX/nuttx/staging/libsched.a(task_exithook.o)
                0x00000000080057b4                nxtask_exithook
 .text.nxtask_recover
                0x00000000080057fa       0x26 /home/miesho/dev/workspace/RTOS_benchmarking_analysis/NuttX/nuttx/staging/libsched.a(task_recover.o)
                0x00000000080057fa                nxtask_recover
 .text.nxnotify_cancellation
                0x0000000008005820       0x70 /home/miesho/dev/workspace/RTOS_benchmarking_analysis/NuttX/nuttx/staging/libsched.a(task_cancelpt.o)
                0x0000000008005820                nxnotify_cancellation
 .text.nxtask_terminate
                0x0000000008005890       0x96 /home/miesho/dev/workspace/RTOS_benchmarking_analysis/NuttX/nuttx/staging/libsched.a(task_terminate.o)
                0x0000000008005890                nxtask_terminate
 *fill*         0x0000000008005926        0x2 
 .text.nxsched_gettid
                0x0000000008005928       0x30 /home/miesho/dev/workspace/RTOS_benchmarking_analysis/NuttX/nuttx/staging/libsched.a(task_gettid.o)
                0x0000000008005928                nxsched_gettid
 .text.gettid   0x0000000008005958        0xc /home/miesho/dev/workspace/RTOS_benchmarking_analysis/NuttX/nuttx/staging/libsched.a(task_gettid.o)
                0x0000000008005958                gettid
 .text.task_uninit_info
                0x0000000008005964       0x28 /home/miesho/dev/workspace/RTOS_benchmarking_analysis/NuttX/nuttx/staging/libsched.a(task_uninitinfo.o)
                0x0000000008005964                task_uninit_info
 .text.wd_recover
                0x000000000800598c       0x18 /home/miesho/dev/workspace/RTOS_benchmarking_analysis/NuttX/nuttx/staging/libsched.a(wd_recover.o)
                0x000000000800598c                wd_recover
 .text.env_release
                0x00000000080059a4       0x5a /home/miesho/dev/workspace/RTOS_benchmarking_analysis/NuttX/nuttx/staging/libsched.a(env_release.o)
                0x00000000080059a4                env_release
 *fill*         0x00000000080059fe        0x2 
 .text.group_findbypid
                0x0000000008005a00       0x70 /home/miesho/dev/workspace/RTOS_benchmarking_analysis/NuttX/nuttx/staging/libsched.a(group_find.o)
                0x0000000008005a00                group_findbypid
 .text.group_foreachchild
                0x0000000008005a70       0x4a /home/miesho/dev/workspace/RTOS_benchmarking_analysis/NuttX/nuttx/staging/libsched.a(group_foreachchild.o)
                0x0000000008005a70                group_foreachchild
 .text.group_signal_handler
                0x0000000008005aba       0xfe /home/miesho/dev/workspace/RTOS_benchmarking_analysis/NuttX/nuttx/staging/libsched.a(group_signal.o)
 .text.group_signal
                0x0000000008005bb8       0x84 /home/miesho/dev/workspace/RTOS_benchmarking_analysis/NuttX/nuttx/staging/libsched.a(group_signal.o)
                0x0000000008005bb8                group_signal
 .text.nxmq_recover
                0x0000000008005c3c       0x46 /home/miesho/dev/workspace/RTOS_benchmarking_analysis/NuttX/nuttx/staging/libsched.a(mq_recover.o)
                0x0000000008005c3c                nxmq_recover
 *fill*         0x0000000008005c82        0x2 
 .text.nxmq_wait_irq
                0x0000000008005c84       0xf8 /home/miesho/dev/workspace/RTOS_benchmarking_analysis/NuttX/nuttx/staging/libsched.a(mq_waitirq.o)
                0x0000000008005c84                nxmq_wait_irq
 .text.pthread_sem_give
                0x0000000008005d7c       0x2e /home/miesho/dev/workspace/RTOS_benchmarking_analysis/NuttX/nuttx/staging/libsched.a(pthread_initialize.o)
                0x0000000008005d7c                pthread_sem_give
 .text.pthread_mutex_inconsistent
                0x0000000008005daa       0x74 /home/miesho/dev/workspace/RTOS_benchmarking_analysis/NuttX/nuttx/staging/libsched.a(pthread_mutexinconsistent.o)
                0x0000000008005daa                pthread_mutex_inconsistent
 *fill*         0x0000000008005e1e        0x2 
 .text.nxsched_remove_readytorun
                0x0000000008005e20      0x100 /home/miesho/dev/workspace/RTOS_benchmarking_analysis/NuttX/nuttx/staging/libsched.a(sched_removereadytorun.o)
                0x0000000008005e20                nxsched_remove_readytorun
 .text.nxsem_post
                0x0000000008005f20       0xd4 /home/miesho/dev/workspace/RTOS_benchmarking_analysis/NuttX/nuttx/staging/libsched.a(sem_post.o)
                0x0000000008005f20                nxsem_post
 .text.sem_post
                0x0000000008005ff4       0x46 /home/miesho/dev/workspace/RTOS_benchmarking_analysis/NuttX/nuttx/staging/libsched.a(sem_post.o)
                0x0000000008005ff4                sem_post
 .text.nxsem_recover
                0x000000000800603a       0x52 /home/miesho/dev/workspace/RTOS_benchmarking_analysis/NuttX/nuttx/staging/libsched.a(sem_recover.o)
                0x000000000800603a                nxsem_recover
 .text.nxsem_wait_irq
                0x000000000800608c       0x98 /home/miesho/dev/workspace/RTOS_benchmarking_analysis/NuttX/nuttx/staging/libsched.a(sem_waitirq.o)
                0x000000000800608c                nxsem_wait_irq
 .text.nxsig_release_action
                0x0000000008006124       0x64 /home/miesho/dev/workspace/RTOS_benchmarking_analysis/NuttX/nuttx/staging/libsched.a(sig_action.o)
                0x0000000008006124                nxsig_release_action
 .text.nxsig_pendingset
                0x0000000008006188       0x88 /home/miesho/dev/workspace/RTOS_benchmarking_analysis/NuttX/nuttx/staging/libsched.a(sig_pending.o)
                0x0000000008006188                nxsig_pendingset
 .text.nxsig_find_action
                0x0000000008006210       0x44 /home/miesho/dev/workspace/RTOS_benchmarking_analysis/NuttX/nuttx/staging/libsched.a(sig_findaction.o)
                0x0000000008006210                nxsig_find_action
 .text.up_interrupt_context
                0x0000000008006254       0x20 /home/miesho/dev/workspace/RTOS_benchmarking_analysis/NuttX/nuttx/staging/libsched.a(sig_allocpendingsigaction.o)
 .text.nxsig_alloc_pendingsigaction
                0x0000000008006274       0x84 /home/miesho/dev/workspace/RTOS_benchmarking_analysis/NuttX/nuttx/staging/libsched.a(sig_allocpendingsigaction.o)
                0x0000000008006274                nxsig_alloc_pendingsigaction
 .text.nxsig_release_pendingsigaction
                0x00000000080062f8       0xe4 /home/miesho/dev/workspace/RTOS_benchmarking_analysis/NuttX/nuttx/staging/libsched.a(sig_releasependingsigaction.o)
                0x00000000080062f8                nxsig_release_pendingsigaction
 .text.wd_expiration
                0x00000000080063dc       0x5c /home/miesho/dev/workspace/RTOS_benchmarking_analysis/NuttX/nuttx/staging/libsched.a(wd_start.o)
 .text.wd_start
                0x0000000008006438      0x1e0 /home/miesho/dev/workspace/RTOS_benchmarking_analysis/NuttX/nuttx/staging/libsched.a(wd_start.o)
                0x0000000008006438                wd_start
 .text.wd_timer
                0x0000000008006618       0x20 /home/miesho/dev/workspace/RTOS_benchmarking_analysis/NuttX/nuttx/staging/libsched.a(wd_start.o)
                0x0000000008006618                wd_timer
 .text.nxsem_trywait
                0x0000000008006638       0x6c /home/miesho/dev/workspace/RTOS_benchmarking_analysis/NuttX/nuttx/staging/libsched.a(sem_trywait.o)
                0x0000000008006638                nxsem_trywait
 .text.clock_gettime
                0x00000000080066a4       0xf8 /home/miesho/dev/workspace/RTOS_benchmarking_analysis/NuttX/nuttx/staging/libsched.a(clock_gettime.o)
                0x00000000080066a4                clock_gettime
 .text.clock_systime_timespec
                0x000000000800679c       0x4c /home/miesho/dev/workspace/RTOS_benchmarking_analysis/NuttX/nuttx/staging/libsched.a(clock_systime_timespec.o)
                0x000000000800679c                clock_systime_timespec
 .text.drivers_initialize
                0x00000000080067e8        0xe /home/miesho/dev/workspace/RTOS_benchmarking_analysis/NuttX/nuttx/staging/libdrivers.a(drivers_initialize.o)
                0x00000000080067e8                drivers_initialize
 .text.devnull_read
                0x00000000080067f6       0x10 /home/miesho/dev/workspace/RTOS_benchmarking_analysis/NuttX/nuttx/staging/libdrivers.a(dev_null.o)
 .text.devnull_write
                0x0000000008006806       0x10 /home/miesho/dev/workspace/RTOS_benchmarking_analysis/NuttX/nuttx/staging/libdrivers.a(dev_null.o)
 .text.devnull_poll
                0x0000000008006816       0x2c /home/miesho/dev/workspace/RTOS_benchmarking_analysis/NuttX/nuttx/staging/libdrivers.a(dev_null.o)
 *fill*         0x0000000008006842        0x2 
 .text.devnull_register
                0x0000000008006844       0x1c /home/miesho/dev/workspace/RTOS_benchmarking_analysis/NuttX/nuttx/staging/libdrivers.a(dev_null.o)
                0x0000000008006844                devnull_register
 .text.up_interrupt_context
                0x0000000008006860       0x20 /home/miesho/dev/workspace/RTOS_benchmarking_analysis/NuttX/nuttx/staging/libdrivers.a(serial.o)
 .text.uart_putxmitchar
                0x0000000008006880       0xe4 /home/miesho/dev/workspace/RTOS_benchmarking_analysis/NuttX/nuttx/staging/libdrivers.a(serial.o)
 .text.uart_putc
                0x0000000008006964       0x38 /home/miesho/dev/workspace/RTOS_benchmarking_analysis/NuttX/nuttx/staging/libdrivers.a(serial.o)
 .text.uart_irqwrite
                0x000000000800699c       0x74 /home/miesho/dev/workspace/RTOS_benchmarking_analysis/NuttX/nuttx/staging/libdrivers.a(serial.o)
 .text.uart_tcdrain
                0x0000000008006a10       0xf8 /home/miesho/dev/workspace/RTOS_benchmarking_analysis/NuttX/nuttx/staging/libdrivers.a(serial.o)
 .text.uart_tcsendbreak
                0x0000000008006b08       0x90 /home/miesho/dev/workspace/RTOS_benchmarking_analysis/NuttX/nuttx/staging/libdrivers.a(serial.o)
 .text.uart_open
                0x0000000008006b98      0x11c /home/miesho/dev/workspace/RTOS_benchmarking_analysis/NuttX/nuttx/staging/libdrivers.a(serial.o)
 .text.uart_close
                0x0000000008006cb4       0xd8 /home/miesho/dev/workspace/RTOS_benchmarking_analysis/NuttX/nuttx/staging/libdrivers.a(serial.o)
 .text.uart_read
                0x0000000008006d8c      0x2c4 /home/miesho/dev/workspace/RTOS_benchmarking_analysis/NuttX/nuttx/staging/libdrivers.a(serial.o)
 .text.uart_write
                0x0000000008007050      0x172 /home/miesho/dev/workspace/RTOS_benchmarking_analysis/NuttX/nuttx/staging/libdrivers.a(serial.o)
 *fill*         0x00000000080071c2        0x2 
 .text.uart_ioctl
                0x00000000080071c4      0x374 /home/miesho/dev/workspace/RTOS_benchmarking_analysis/NuttX/nuttx/staging/libdrivers.a(serial.o)
 .text.uart_poll
                0x0000000008007538      0x148 /home/miesho/dev/workspace/RTOS_benchmarking_analysis/NuttX/nuttx/staging/libdrivers.a(serial.o)
 .text.uart_wakeup
                0x0000000008007680       0x32 /home/miesho/dev/workspace/RTOS_benchmarking_analysis/NuttX/nuttx/staging/libdrivers.a(serial.o)
 *fill*         0x00000000080076b2        0x2 
 .text.uart_register
                0x00000000080076b4       0x94 /home/miesho/dev/workspace/RTOS_benchmarking_analysis/NuttX/nuttx/staging/libdrivers.a(serial.o)
                0x00000000080076b4                uart_register
 .text.uart_datareceived
                0x0000000008007748       0x26 /home/miesho/dev/workspace/RTOS_benchmarking_analysis/NuttX/nuttx/staging/libdrivers.a(serial.o)
                0x0000000008007748                uart_datareceived
 .text.uart_datasent
                0x000000000800776e       0x26 /home/miesho/dev/workspace/RTOS_benchmarking_analysis/NuttX/nuttx/staging/libdrivers.a(serial.o)
                0x000000000800776e                uart_datasent
 .text.uart_reset_sem
                0x0000000008007794       0x44 /home/miesho/dev/workspace/RTOS_benchmarking_analysis/NuttX/nuttx/staging/libdrivers.a(serial.o)
                0x0000000008007794                uart_reset_sem
 .text.uart_xmitchars
                0x00000000080077d8       0xbe /home/miesho/dev/workspace/RTOS_benchmarking_analysis/NuttX/nuttx/staging/libdrivers.a(serial_io.o)
                0x00000000080077d8                uart_xmitchars
 .text.uart_recvchars
                0x0000000008007896      0x10e /home/miesho/dev/workspace/RTOS_benchmarking_analysis/NuttX/nuttx/staging/libdrivers.a(serial_io.o)
                0x0000000008007896                uart_recvchars
 .text.syslog_flush
                0x00000000080079a4       0x4c /home/miesho/dev/workspace/RTOS_benchmarking_analysis/NuttX/nuttx/staging/libdrivers.a(syslog_flush.o)
                0x00000000080079a4                syslog_flush
 .text.syslog_initialize
                0x00000000080079f0        0xe /home/miesho/dev/workspace/RTOS_benchmarking_analysis/NuttX/nuttx/staging/libdrivers.a(syslog_initialize.o)
                0x00000000080079f0                syslog_initialize
 .text.syslog_default_putc
                0x00000000080079fe       0x18 /home/miesho/dev/workspace/RTOS_benchmarking_analysis/NuttX/nuttx/staging/libdrivers.a(syslog_channel.o)
 *fill*         0x0000000008007a16        0x2 
 .text.syslog_default_write
                0x0000000008007a18       0x2c /home/miesho/dev/workspace/RTOS_benchmarking_analysis/NuttX/nuttx/staging/libdrivers.a(syslog_channel.o)
 .text.__assert
                0x0000000008007a44       0x1a /home/miesho/dev/workspace/RTOS_benchmarking_analysis/NuttX/nuttx/staging/libc.a(lib_assert.o)
                0x0000000008007a44                __assert
 .text.iscntrl  0x0000000008007a5e       0x1c /home/miesho/dev/workspace/RTOS_benchmarking_analysis/NuttX/nuttx/staging/libc.a(lib_iscntrl.o)
                0x0000000008007a5e                iscntrl
 *fill*         0x0000000008007a7a        0x2 
 .text.__errno  0x0000000008007a7c       0x24 /home/miesho/dev/workspace/RTOS_benchmarking_analysis/NuttX/nuttx/staging/libc.a(lib_errno.o)
                0x0000000008007a7c                __errno
 .text.uname    0x0000000008007aa0       0x88 /home/miesho/dev/workspace/RTOS_benchmarking_analysis/NuttX/nuttx/staging/libc.a(lib_utsname.o)
                0x0000000008007aa0                uname
 .text.nxmutex_is_reset
                0x0000000008007b28       0x1a /home/miesho/dev/workspace/RTOS_benchmarking_analysis/NuttX/nuttx/staging/libc.a(lib_mutex.o)
 .text.nxmutex_init
                0x0000000008007b42       0x42 /home/miesho/dev/workspace/RTOS_benchmarking_analysis/NuttX/nuttx/staging/libc.a(lib_mutex.o)
                0x0000000008007b42                nxmutex_init
 .text.nxmutex_destroy
                0x0000000008007b84       0x34 /home/miesho/dev/workspace/RTOS_benchmarking_analysis/NuttX/nuttx/staging/libc.a(lib_mutex.o)
                0x0000000008007b84                nxmutex_destroy
 .text.nxmutex_is_hold
                0x0000000008007bb8       0x20 /home/miesho/dev/workspace/RTOS_benchmarking_analysis/NuttX/nuttx/staging/libc.a(lib_mutex.o)
                0x0000000008007bb8                nxmutex_is_hold
 .text.nxmutex_is_locked
                0x0000000008007bd8       0x34 /home/miesho/dev/workspace/RTOS_benchmarking_analysis/NuttX/nuttx/staging/libc.a(lib_mutex.o)
                0x0000000008007bd8                nxmutex_is_locked
 .text.nxmutex_lock
                0x0000000008007c0c       0x40 /home/miesho/dev/workspace/RTOS_benchmarking_analysis/NuttX/nuttx/staging/libc.a(lib_mutex.o)
                0x0000000008007c0c                nxmutex_lock
 .text.nxmutex_unlock
                0x0000000008007c4c       0x4e /home/miesho/dev/workspace/RTOS_benchmarking_analysis/NuttX/nuttx/staging/libc.a(lib_mutex.o)
                0x0000000008007c4c                nxmutex_unlock
 .text.nxmutex_reset
                0x0000000008007c9a       0x20 /home/miesho/dev/workspace/RTOS_benchmarking_analysis/NuttX/nuttx/staging/libc.a(lib_mutex.o)
                0x0000000008007c9a                nxmutex_reset
 .text.nxrmutex_init
                0x0000000008007cba       0x1e /home/miesho/dev/workspace/RTOS_benchmarking_analysis/NuttX/nuttx/staging/libc.a(lib_mutex.o)
                0x0000000008007cba                nxrmutex_init
 .text.nxrmutex_destroy
                0x0000000008007cd8       0x26 /home/miesho/dev/workspace/RTOS_benchmarking_analysis/NuttX/nuttx/staging/libc.a(lib_mutex.o)
                0x0000000008007cd8                nxrmutex_destroy
 .text.nxrmutex_is_hold
                0x0000000008007cfe       0x18 /home/miesho/dev/workspace/RTOS_benchmarking_analysis/NuttX/nuttx/staging/libc.a(lib_mutex.o)
                0x0000000008007cfe                nxrmutex_is_hold
 .text.nxrmutex_lock
                0x0000000008007d16       0x40 /home/miesho/dev/workspace/RTOS_benchmarking_analysis/NuttX/nuttx/staging/libc.a(lib_mutex.o)
                0x0000000008007d16                nxrmutex_lock
 .text.nxrmutex_unlock
                0x0000000008007d56       0x40 /home/miesho/dev/workspace/RTOS_benchmarking_analysis/NuttX/nuttx/staging/libc.a(lib_mutex.o)
                0x0000000008007d56                nxrmutex_unlock
 .text.pthread_exit
                0x0000000008007d96       0x18 /home/miesho/dev/workspace/RTOS_benchmarking_analysis/NuttX/nuttx/staging/libc.a(pthread_exit.o)
                0x0000000008007d96                pthread_exit
 .text.sq_addafter
                0x0000000008007dae       0x60 /home/miesho/dev/workspace/RTOS_benchmarking_analysis/NuttX/nuttx/staging/libc.a(sq_addafter.o)
                0x0000000008007dae                sq_addafter
 .text.sq_remfirst
                0x0000000008007e0e       0x34 /home/miesho/dev/workspace/RTOS_benchmarking_analysis/NuttX/nuttx/staging/libc.a(sq_remfirst.o)
                0x0000000008007e0e                sq_remfirst
 .text.sq_remafter
                0x0000000008007e42       0x48 /home/miesho/dev/workspace/RTOS_benchmarking_analysis/NuttX/nuttx/staging/libc.a(sq_remafter.o)
                0x0000000008007e42                sq_remafter
 .text.dq_remfirst
                0x0000000008007e8a       0x4a /home/miesho/dev/workspace/RTOS_benchmarking_analysis/NuttX/nuttx/staging/libc.a(dq_remfirst.o)
                0x0000000008007e8a                dq_remfirst
 .text.clock_ticks2time
                0x0000000008007ed4       0x48 /home/miesho/dev/workspace/RTOS_benchmarking_analysis/NuttX/nuttx/staging/libc.a(clock_ticks2time.o)
                0x0000000008007ed4                clock_ticks2time
 .text.clock_time2ticks
                0x0000000008007f1c       0x7c /home/miesho/dev/workspace/RTOS_benchmarking_analysis/NuttX/nuttx/staging/libc.a(clock_time2ticks.o)
                0x0000000008007f1c                clock_time2ticks
 .text.nxtask_startup
                0x0000000008007f98       0x1e /home/miesho/dev/workspace/RTOS_benchmarking_analysis/NuttX/nuttx/staging/libc.a(task_startup.o)
                0x0000000008007f98                nxtask_startup
 .text.nxsem_init
                0x0000000008007fb6       0x2a /home/miesho/dev/workspace/RTOS_benchmarking_analysis/NuttX/nuttx/staging/libc.a(sem_init.o)
                0x0000000008007fb6                nxsem_init
 .text.sem_init
                0x0000000008007fe0       0x56 /home/miesho/dev/workspace/RTOS_benchmarking_analysis/NuttX/nuttx/staging/libc.a(sem_init.o)
                0x0000000008007fe0                sem_init
 .text.nxsem_get_value
                0x0000000008008036       0x2c /home/miesho/dev/workspace/RTOS_benchmarking_analysis/NuttX/nuttx/staging/libc.a(sem_getvalue.o)
                0x0000000008008036                nxsem_get_value
 .text.sem_getvalue
                0x0000000008008062       0x34 /home/miesho/dev/workspace/RTOS_benchmarking_analysis/NuttX/nuttx/staging/libc.a(sem_getvalue.o)
                0x0000000008008062                sem_getvalue
 .text.nxsem_set_protocol
                0x0000000008008096       0x38 /home/miesho/dev/workspace/RTOS_benchmarking_analysis/NuttX/nuttx/staging/libc.a(sem_setprotocol.o)
                0x0000000008008096                nxsem_set_protocol
 .text.sem_setprotocol
                0x00000000080080ce       0x34 /home/miesho/dev/workspace/RTOS_benchmarking_analysis/NuttX/nuttx/staging/libc.a(sem_setprotocol.o)
                0x00000000080080ce                sem_setprotocol
 .text.nxsig_addset
                0x0000000008008102       0x3c /home/miesho/dev/workspace/RTOS_benchmarking_analysis/NuttX/nuttx/staging/libc.a(sig_addset.o)
                0x0000000008008102                nxsig_addset
 .text.sigaddset
                0x000000000800813e       0x32 /home/miesho/dev/workspace/RTOS_benchmarking_analysis/NuttX/nuttx/staging/libc.a(sig_addset.o)
                0x000000000800813e                sigaddset
 .text.nxsig_delset
                0x0000000008008170       0x3e /home/miesho/dev/workspace/RTOS_benchmarking_analysis/NuttX/nuttx/staging/libc.a(sig_delset.o)
                0x0000000008008170                nxsig_delset
 .text.sigemptyset
                0x00000000080081ae       0x28 /home/miesho/dev/workspace/RTOS_benchmarking_analysis/NuttX/nuttx/staging/libc.a(sig_emptyset.o)
                0x00000000080081ae                sigemptyset
 .text.sigfillset
                0x00000000080081d6       0x2a /home/miesho/dev/workspace/RTOS_benchmarking_analysis/NuttX/nuttx/staging/libc.a(sig_fillset.o)
                0x00000000080081d6                sigfillset
 .text.nxsig_nandset
                0x0000000008008200       0x40 /home/miesho/dev/workspace/RTOS_benchmarking_analysis/NuttX/nuttx/staging/libc.a(sig_nandset.o)
                0x0000000008008200                nxsig_nandset
 .text.sigandset
                0x0000000008008240       0x3e /home/miesho/dev/workspace/RTOS_benchmarking_analysis/NuttX/nuttx/staging/libc.a(sig_andset.o)
                0x0000000008008240                sigandset
 .text.sigorset
                0x000000000800827e       0x3e /home/miesho/dev/workspace/RTOS_benchmarking_analysis/NuttX/nuttx/staging/libc.a(sig_orset.o)
                0x000000000800827e                sigorset
 .text.nxsig_xorset
                0x00000000080082bc       0x3e /home/miesho/dev/workspace/RTOS_benchmarking_analysis/NuttX/nuttx/staging/libc.a(sig_xorset.o)
                0x00000000080082bc                nxsig_xorset
 .text.sigisemptyset
                0x00000000080082fa       0x2e /home/miesho/dev/workspace/RTOS_benchmarking_analysis/NuttX/nuttx/staging/libc.a(sig_isemptyset.o)
                0x00000000080082fa                sigisemptyset
 .text.nxsig_ismember
                0x0000000008008328       0x3a /home/miesho/dev/workspace/RTOS_benchmarking_analysis/NuttX/nuttx/staging/libc.a(sig_ismember.o)
                0x0000000008008328                nxsig_ismember
 .text.posix_spawnattr_init
                0x0000000008008362       0x72 /home/miesho/dev/workspace/RTOS_benchmarking_analysis/NuttX/nuttx/staging/libc.a(lib_psa_init.o)
                0x0000000008008362                posix_spawnattr_init
 .text.snprintf
                0x00000000080083d4       0x4c /home/miesho/dev/workspace/RTOS_benchmarking_analysis/NuttX/nuttx/staging/libc.a(lib_snprintf.o)
                0x00000000080083d4                snprintf
 .text.vsprintf_internal
                0x0000000008008420      0x9c8 /home/miesho/dev/workspace/RTOS_benchmarking_analysis/NuttX/nuttx/staging/libc.a(lib_libvsprintf.o)
 .text.lib_vsprintf
                0x0000000008008de8       0x24 /home/miesho/dev/workspace/RTOS_benchmarking_analysis/NuttX/nuttx/staging/libc.a(lib_libvsprintf.o)
                0x0000000008008de8                lib_vsprintf
 .text.__ultoa_invert
                0x0000000008008e0c       0x98 /home/miesho/dev/workspace/RTOS_benchmarking_analysis/NuttX/nuttx/staging/libc.a(lib_ultoa_invert.o)
                0x0000000008008e0c                __ultoa_invert
 .text.lib_stream_initialize
                0x0000000008008ea4       0x68 /home/miesho/dev/workspace/RTOS_benchmarking_analysis/NuttX/nuttx/staging/libc.a(lib_libstream.o)
                0x0000000008008ea4                lib_stream_initialize
 .text.lib_stream_release
                0x0000000008008f0c       0x72 /home/miesho/dev/workspace/RTOS_benchmarking_analysis/NuttX/nuttx/staging/libc.a(lib_libstream.o)
                0x0000000008008f0c                lib_stream_release
 .text.abort    0x0000000008008f7e        0x8 /home/miesho/dev/workspace/RTOS_benchmarking_analysis/NuttX/nuttx/staging/libc.a(lib_abort.o)
                0x0000000008008f7e                abort
 .text.exit     0x0000000008008f86       0x1e /home/miesho/dev/workspace/RTOS_benchmarking_analysis/NuttX/nuttx/staging/libc.a(lib_exit.o)
                0x0000000008008f86                exit
 .text.memoutstream_puts
                0x0000000008008fa4       0x60 /home/miesho/dev/workspace/RTOS_benchmarking_analysis/NuttX/nuttx/staging/libc.a(lib_memoutstream.o)
 .text.memoutstream_putc
                0x0000000008009004       0x26 /home/miesho/dev/workspace/RTOS_benchmarking_analysis/NuttX/nuttx/staging/libc.a(lib_memoutstream.o)
 *fill*         0x000000000800902a        0x2 
 .text.lib_memoutstream
                0x000000000800902c       0x4c /home/miesho/dev/workspace/RTOS_benchmarking_analysis/NuttX/nuttx/staging/libc.a(lib_memoutstream.o)
                0x000000000800902c                lib_memoutstream
 .text.nulloutstream_putc
                0x0000000008009078       0x16 /home/miesho/dev/workspace/RTOS_benchmarking_analysis/NuttX/nuttx/staging/libc.a(lib_nulloutstream.o)
 .text.nulloutstream_puts
                0x000000000800908e       0x1c /home/miesho/dev/workspace/RTOS_benchmarking_analysis/NuttX/nuttx/staging/libc.a(lib_nulloutstream.o)
 *fill*         0x00000000080090aa        0x2 
 .text.lib_nulloutstream
                0x00000000080090ac       0x30 /home/miesho/dev/workspace/RTOS_benchmarking_analysis/NuttX/nuttx/staging/libc.a(lib_nulloutstream.o)
                0x00000000080090ac                lib_nulloutstream
 .text.lib_noflush
                0x00000000080090dc        0xc /home/miesho/dev/workspace/RTOS_benchmarking_analysis/NuttX/nuttx/staging/libc.a(lib_libnoflush.o)
                0x00000000080090dc                lib_noflush
 .text.memset   0x00000000080090e8       0x34 /home/miesho/dev/workspace/RTOS_benchmarking_analysis/NuttX/nuttx/staging/libc.a(lib_memset.o)
                0x00000000080090e8                memset
 .text.strchr   0x000000000800911c       0x30 /home/miesho/dev/workspace/RTOS_benchmarking_analysis/NuttX/nuttx/staging/libc.a(lib_strchr.o)
                0x000000000800911c                strchr
 .text.strlcpy  0x000000000800914c       0x6c /home/miesho/dev/workspace/RTOS_benchmarking_analysis/NuttX/nuttx/staging/libc.a(lib_strlcpy.o)
                0x000000000800914c                strlcpy
 .text.strlen   0x00000000080091b8       0x24 /home/miesho/dev/workspace/RTOS_benchmarking_analysis/NuttX/nuttx/staging/libc.a(lib_strlen.o)
                0x00000000080091b8                strlen
 .text.strnlen  0x00000000080091dc       0x32 /home/miesho/dev/workspace/RTOS_benchmarking_analysis/NuttX/nuttx/staging/libc.a(lib_strnlen.o)
                0x00000000080091dc                strnlen
 .text.memcpy   0x000000000800920e       0x3c /home/miesho/dev/workspace/RTOS_benchmarking_analysis/NuttX/nuttx/staging/libc.a(lib_memcpy.o)
                0x000000000800920e                memcpy
 *fill*         0x000000000800924a        0x2 
 .text.vsyslog  0x000000000800924c       0x3c /home/miesho/dev/workspace/RTOS_benchmarking_analysis/NuttX/nuttx/staging/libc.a(lib_syslog.o)
                0x000000000800924c                vsyslog
 .text.syslog   0x0000000008009288       0x22 /home/miesho/dev/workspace/RTOS_benchmarking_analysis/NuttX/nuttx/staging/libc.a(lib_syslog.o)
                0x0000000008009288                syslog
 *fill*         0x00000000080092aa        0x2 
 .text.clock_daysbeforemonth
                0x00000000080092ac       0x34 /home/miesho/dev/workspace/RTOS_benchmarking_analysis/NuttX/nuttx/staging/libc.a(lib_daysbeforemonth.o)
                0x00000000080092ac                clock_daysbeforemonth
 .text.clock_isleapyear
                0x00000000080092e0       0x54 /home/miesho/dev/workspace/RTOS_benchmarking_analysis/NuttX/nuttx/staging/libc.a(lib_isleapyear.o)
                0x00000000080092e0                clock_isleapyear
 .text.tls_get_info
                0x0000000008009334       0x28 /home/miesho/dev/workspace/RTOS_benchmarking_analysis/NuttX/nuttx/staging/libc.a(tls_getinfo.o)
                0x0000000008009334                tls_get_info
 .text.tls_destruct
                0x000000000800935c       0x7e /home/miesho/dev/workspace/RTOS_benchmarking_analysis/NuttX/nuttx/staging/libc.a(tls_destruct.o)
                0x000000000800935c                tls_destruct
 *fill*         0x00000000080093da        0x2 
 .text.gethostname
                0x00000000080093dc       0x48 /home/miesho/dev/workspace/RTOS_benchmarking_analysis/NuttX/nuttx/staging/libc.a(lib_gethostname.o)
                0x00000000080093dc                gethostname
 .text.lib_cxx_initialize
                0x0000000008009424        0x4 /home/miesho/dev/workspace/RTOS_benchmarking_analysis/NuttX/nuttx/staging/libc.a(lib_cxx_initialize.o)
                0x0000000008009424                lib_cxx_initialize
 .text.fflush   0x0000000008009428       0x48 /home/miesho/dev/workspace/RTOS_benchmarking_analysis/NuttX/nuttx/staging/libc.a(lib_fflush.o)
                0x0000000008009428                fflush
 .text.lib_flushall
                0x0000000008009470       0x8a /home/miesho/dev/workspace/RTOS_benchmarking_analysis/NuttX/nuttx/staging/libc.a(lib_libflushall.o)
                0x0000000008009470                lib_flushall
 .text.lib_fflush
                0x00000000080094fa      0x10c /home/miesho/dev/workspace/RTOS_benchmarking_analysis/NuttX/nuttx/staging/libc.a(lib_libfflush.o)
                0x00000000080094fa                lib_fflush
 .text.flockfile
                0x0000000008009606       0x18 /home/miesho/dev/workspace/RTOS_benchmarking_analysis/NuttX/nuttx/staging/libc.a(lib_libfilelock.o)
                0x0000000008009606                flockfile
 .text.funlockfile
                0x000000000800961e       0x18 /home/miesho/dev/workspace/RTOS_benchmarking_analysis/NuttX/nuttx/staging/libc.a(lib_libfilelock.o)
                0x000000000800961e                funlockfile
 .text.lib_get_streams
                0x0000000008009636       0x16 /home/miesho/dev/workspace/RTOS_benchmarking_analysis/NuttX/nuttx/staging/libc.a(lib_libgetstreams.o)
                0x0000000008009636                lib_get_streams
 .text.lib_get_stream
                0x000000000800964c       0x20 /home/miesho/dev/workspace/RTOS_benchmarking_analysis/NuttX/nuttx/staging/libc.a(lib_libgetstreams.o)
                0x000000000800964c                lib_get_stream
 .text.task_get_info
                0x000000000800966c       0x16 /home/miesho/dev/workspace/RTOS_benchmarking_analysis/NuttX/nuttx/staging/libc.a(task_getinfo.o)
                0x000000000800966c                task_get_info
 *fill*         0x0000000008009682        0x2 
 .text.umm_initialize
                0x0000000008009684       0x28 /home/miesho/dev/workspace/RTOS_benchmarking_analysis/NuttX/nuttx/staging/libmm.a(umm_initialize.o)
                0x0000000008009684                umm_initialize
 .text.free     0x00000000080096ac       0x20 /home/miesho/dev/workspace/RTOS_benchmarking_analysis/NuttX/nuttx/staging/libmm.a(umm_free.o)
                0x00000000080096ac                free
 .text.malloc   0x00000000080096cc       0x20 /home/miesho/dev/workspace/RTOS_benchmarking_analysis/NuttX/nuttx/staging/libmm.a(umm_malloc.o)
                0x00000000080096cc                malloc
 .text.realloc  0x00000000080096ec       0x24 /home/miesho/dev/workspace/RTOS_benchmarking_analysis/NuttX/nuttx/staging/libmm.a(umm_realloc.o)
                0x00000000080096ec                realloc
 .text.zalloc   0x0000000008009710       0x20 /home/miesho/dev/workspace/RTOS_benchmarking_analysis/NuttX/nuttx/staging/libmm.a(umm_zalloc.o)
                0x0000000008009710                zalloc
 .text.mm_map_initialize
                0x0000000008009730       0x2a /home/miesho/dev/workspace/RTOS_benchmarking_analysis/NuttX/nuttx/staging/libmm.a(mm_map.o)
                0x0000000008009730                mm_map_initialize
 .text.mm_map_destroy
                0x000000000800975a       0x48 /home/miesho/dev/workspace/RTOS_benchmarking_analysis/NuttX/nuttx/staging/libmm.a(mm_map.o)
                0x000000000800975a                mm_map_destroy
 .text.mm_addregion
                0x00000000080097a2       0x8c /home/miesho/dev/workspace/RTOS_benchmarking_analysis/NuttX/nuttx/staging/libmm.a(mm_initialize.o)
                0x00000000080097a2                mm_addregion
 .text.mm_initialize
                0x000000000800982e       0xa6 /home/miesho/dev/workspace/RTOS_benchmarking_analysis/NuttX/nuttx/staging/libmm.a(mm_initialize.o)
                0x000000000800982e                mm_initialize
 .text.up_interrupt_context
                0x00000000080098d4       0x20 /home/miesho/dev/workspace/RTOS_benchmarking_analysis/NuttX/nuttx/staging/libmm.a(mm_lock.o)
 .text.mm_lock  0x00000000080098f4       0x4a /home/miesho/dev/workspace/RTOS_benchmarking_analysis/NuttX/nuttx/staging/libmm.a(mm_lock.o)
                0x00000000080098f4                mm_lock
 .text.mm_unlock
                0x000000000800993e       0x22 /home/miesho/dev/workspace/RTOS_benchmarking_analysis/NuttX/nuttx/staging/libmm.a(mm_lock.o)
                0x000000000800993e                mm_unlock
 .text.mm_addfreechunk
                0x0000000008009960       0x86 /home/miesho/dev/workspace/RTOS_benchmarking_analysis/NuttX/nuttx/staging/libmm.a(mm_addfreechunk.o)
                0x0000000008009960                mm_addfreechunk
 .text.mm_size2ndx
                0x00000000080099e6       0x2c /home/miesho/dev/workspace/RTOS_benchmarking_analysis/NuttX/nuttx/staging/libmm.a(mm_size2ndx.o)
                0x00000000080099e6                mm_size2ndx
 .text.add_delaylist
                0x0000000008009a12       0x4a /home/miesho/dev/workspace/RTOS_benchmarking_analysis/NuttX/nuttx/staging/libmm.a(mm_free.o)
 .text.mm_free  0x0000000008009a5c      0x132 /home/miesho/dev/workspace/RTOS_benchmarking_analysis/NuttX/nuttx/staging/libmm.a(mm_free.o)
                0x0000000008009a5c                mm_free
 .text.free_delaylist
                0x0000000008009b8e       0x62 /home/miesho/dev/workspace/RTOS_benchmarking_analysis/NuttX/nuttx/staging/libmm.a(mm_malloc.o)
 .text.mm_malloc
                0x0000000008009bf0      0x108 /home/miesho/dev/workspace/RTOS_benchmarking_analysis/NuttX/nuttx/staging/libmm.a(mm_malloc.o)
                0x0000000008009bf0                mm_malloc
 .text.mm_realloc
                0x0000000008009cf8      0x2ac /home/miesho/dev/workspace/RTOS_benchmarking_analysis/NuttX/nuttx/staging/libmm.a(mm_realloc.o)
                0x0000000008009cf8                mm_realloc
 .text.mm_zalloc
                0x0000000008009fa4       0x2e /home/miesho/dev/workspace/RTOS_benchmarking_analysis/NuttX/nuttx/staging/libmm.a(mm_zalloc.o)
                0x0000000008009fa4                mm_zalloc
 .text.mm_shrinkchunk
                0x0000000008009fd2       0xde /home/miesho/dev/workspace/RTOS_benchmarking_analysis/NuttX/nuttx/staging/libmm.a(mm_shrinkchunk.o)
                0x0000000008009fd2                mm_shrinkchunk
 .text          0x000000000800a0b0       0x30 /home/miesho/dev/workspace/RTOS_benchmarking_analysis/NuttX/nuttx/staging/libarch.a(arm_saveusercontext.o)
                0x000000000800a0b0                up_saveusercontext
 .text.up_allocate_heap
                0x000000000800a0e0       0x2c /home/miesho/dev/workspace/RTOS_benchmarking_analysis/NuttX/nuttx/staging/libarch.a(stm32_allocateheap.o)
                0x000000000800a0e0                up_allocate_heap
 .text.stm32_timerisr
                0x000000000800a10c       0x18 /home/miesho/dev/workspace/RTOS_benchmarking_analysis/NuttX/nuttx/staging/libarch.a(stm32_timerisr.o)
 .text.up_timer_initialize
                0x000000000800a124       0x58 /home/miesho/dev/workspace/RTOS_benchmarking_analysis/NuttX/nuttx/staging/libarch.a(stm32_timerisr.o)
                0x000000000800a124                up_timer_initialize
 .text.up_idle  0x000000000800a17c        0x6 /home/miesho/dev/workspace/RTOS_benchmarking_analysis/NuttX/nuttx/staging/libarch.a(stm32_idle.o)
                0x000000000800a17c                up_idle
 .text.up_create_stack
                0x000000000800a182       0x96 /home/miesho/dev/workspace/RTOS_benchmarking_analysis/NuttX/nuttx/staging/libarch.a(arm_createstack.o)
                0x000000000800a182                up_create_stack
 .text.sys_call1
                0x000000000800a218       0x1c /home/miesho/dev/workspace/RTOS_benchmarking_analysis/NuttX/nuttx/staging/libarch.a(arm_exit.o)
 .text.up_exit  0x000000000800a234       0x48 /home/miesho/dev/workspace/RTOS_benchmarking_analysis/NuttX/nuttx/staging/libarch.a(arm_exit.o)
                0x000000000800a234                up_exit
 .text.up_get_intstackbase
                0x000000000800a27c        0xc /home/miesho/dev/workspace/RTOS_benchmarking_analysis/NuttX/nuttx/staging/libarch.a(arm_getintstack.o)
                0x000000000800a27c                up_get_intstackbase
 .text.up_nputs
                0x000000000800a288       0x32 /home/miesho/dev/workspace/RTOS_benchmarking_analysis/NuttX/nuttx/staging/libarch.a(arm_nputs.o)
                0x000000000800a288                up_nputs
 .text.up_release_stack
                0x000000000800a2ba       0x52 /home/miesho/dev/workspace/RTOS_benchmarking_analysis/NuttX/nuttx/staging/libarch.a(arm_releasestack.o)
                0x000000000800a2ba                up_release_stack
 .text.up_getusrsp
                0x000000000800a30c       0x12 /home/miesho/dev/workspace/RTOS_benchmarking_analysis/NuttX/nuttx/staging/libarch.a(arm_registerdump.o)
                0x000000000800a30c                up_getusrsp
 *fill*         0x000000000800a31e        0x2 
 .text.up_dump_register
                0x000000000800a320      0x118 /home/miesho/dev/workspace/RTOS_benchmarking_analysis/NuttX/nuttx/staging/libarch.a(arm_registerdump.o)
                0x000000000800a320                up_dump_register
 .text.up_stack_frame
                0x000000000800a438       0x5a /home/miesho/dev/workspace/RTOS_benchmarking_analysis/NuttX/nuttx/staging/libarch.a(arm_stackframe.o)
                0x000000000800a438                up_stack_frame
 .text.sys_call2
                0x000000000800a492       0x22 /home/miesho/dev/workspace/RTOS_benchmarking_analysis/NuttX/nuttx/staging/libarch.a(arm_switchcontext.o)
 .text.up_switch_context
                0x000000000800a4b4       0x54 /home/miesho/dev/workspace/RTOS_benchmarking_analysis/NuttX/nuttx/staging/libarch.a(arm_switchcontext.o)
                0x000000000800a4b4                up_switch_context
 .text.up_use_stack
                0x000000000800a508       0x50 /home/miesho/dev/workspace/RTOS_benchmarking_analysis/NuttX/nuttx/staging/libarch.a(arm_usestack.o)
                0x000000000800a508                up_use_stack
 .text.up_mdelay
                0x000000000800a558       0x36 /home/miesho/dev/workspace/RTOS_benchmarking_analysis/NuttX/nuttx/staging/libarch.a(arm_mdelay.o)
                0x000000000800a558                up_mdelay
 *fill*         0x000000000800a58e        0x2 
 .text.up_initial_state
                0x000000000800a590       0xa8 /home/miesho/dev/workspace/RTOS_benchmarking_analysis/NuttX/nuttx/staging/libarch.a(arm_initialstate.o)
                0x000000000800a590                up_initial_state
 .text.up_schedule_sigaction
                0x000000000800a638      0x104 /home/miesho/dev/workspace/RTOS_benchmarking_analysis/NuttX/nuttx/staging/libarch.a(arm_schedulesigaction.o)
                0x000000000800a638                up_schedule_sigaction
 .text.sys_call1
                0x000000000800a73c       0x1c /home/miesho/dev/workspace/RTOS_benchmarking_analysis/NuttX/nuttx/staging/libarch.a(arm_sigdeliver.o)
 .text.arm_sigdeliver
                0x000000000800a758       0x68 /home/miesho/dev/workspace/RTOS_benchmarking_analysis/NuttX/nuttx/staging/libarch.a(arm_sigdeliver.o)
                0x000000000800a758                arm_sigdeliver
 .text.nsh_main
                0x000000000800a7c0       0x54 /home/miesho/dev/workspace/RTOS_benchmarking_analysis/NuttX/nuttx/staging/libapps.a(nsh_main.c.home.miesho.dev.workspace.RTOS_benchmarking_analysis.NuttX.apps.system.nsh.o)
                0x000000000800a7c0                nsh_main
 .text.nsh_initialize
                0x000000000800a814        0x4 /home/miesho/dev/workspace/RTOS_benchmarking_analysis/NuttX/nuttx/staging/libapps.a(nsh_init.c.home.miesho.dev.workspace.RTOS_benchmarking_analysis.NuttX.apps.nshlib.o)
                0x000000000800a814                nsh_initialize
 .text.nsh_consolemain
                0x000000000800a818       0x2a /home/miesho/dev/workspace/RTOS_benchmarking_analysis/NuttX/nuttx/staging/libapps.a(nsh_consolemain.c.home.miesho.dev.workspace.RTOS_benchmarking_analysis.NuttX.apps.nshlib.o)
                0x000000000800a818                nsh_consolemain
 .text.nsh_closeifnotclosed
                0x000000000800a842       0x72 /home/miesho/dev/workspace/RTOS_benchmarking_analysis/NuttX/nuttx/staging/libapps.a(nsh_console.c.home.miesho.dev.workspace.RTOS_benchmarking_analysis.NuttX.apps.nshlib.o)
 .text.nsh_consolewrite
                0x000000000800a8b4       0x2a /home/miesho/dev/workspace/RTOS_benchmarking_analysis/NuttX/nuttx/staging/libapps.a(nsh_console.c.home.miesho.dev.workspace.RTOS_benchmarking_analysis.NuttX.apps.nshlib.o)
 .text.nsh_consoleioctl
                0x000000000800a8de       0x28 /home/miesho/dev/workspace/RTOS_benchmarking_analysis/NuttX/nuttx/staging/libapps.a(nsh_console.c.home.miesho.dev.workspace.RTOS_benchmarking_analysis.NuttX.apps.nshlib.o)
 .text.nsh_consoleoutput
                0x000000000800a906       0x30 /home/miesho/dev/workspace/RTOS_benchmarking_analysis/NuttX/nuttx/staging/libapps.a(nsh_console.c.home.miesho.dev.workspace.RTOS_benchmarking_analysis.NuttX.apps.nshlib.o)
 .text.nsh_erroroutput
                0x000000000800a936       0x30 /home/miesho/dev/workspace/RTOS_benchmarking_analysis/NuttX/nuttx/staging/libapps.a(nsh_console.c.home.miesho.dev.workspace.RTOS_benchmarking_analysis.NuttX.apps.nshlib.o)
 .text.nsh_consolelinebuffer
                0x000000000800a966       0x14 /home/miesho/dev/workspace/RTOS_benchmarking_analysis/NuttX/nuttx/staging/libapps.a(nsh_console.c.home.miesho.dev.workspace.RTOS_benchmarking_analysis.NuttX.apps.nshlib.o)
 .text.nsh_consoleclone
                0x000000000800a97a       0x1e /home/miesho/dev/workspace/RTOS_benchmarking_analysis/NuttX/nuttx/staging/libapps.a(nsh_console.c.home.miesho.dev.workspace.RTOS_benchmarking_analysis.NuttX.apps.nshlib.o)
 .text.nsh_consolerelease
                0x000000000800a998       0x1e /home/miesho/dev/workspace/RTOS_benchmarking_analysis/NuttX/nuttx/staging/libapps.a(nsh_console.c.home.miesho.dev.workspace.RTOS_benchmarking_analysis.NuttX.apps.nshlib.o)
 .text.nsh_consoleredirect
                0x000000000800a9b6       0x38 /home/miesho/dev/workspace/RTOS_benchmarking_analysis/NuttX/nuttx/staging/libapps.a(nsh_console.c.home.miesho.dev.workspace.RTOS_benchmarking_analysis.NuttX.apps.nshlib.o)
 .text.nsh_consoleundirect
                0x000000000800a9ee       0x32 /home/miesho/dev/workspace/RTOS_benchmarking_analysis/NuttX/nuttx/staging/libapps.a(nsh_console.c.home.miesho.dev.workspace.RTOS_benchmarking_analysis.NuttX.apps.nshlib.o)
 .text.nsh_consoleexit
                0x000000000800aa20       0x14 /home/miesho/dev/workspace/RTOS_benchmarking_analysis/NuttX/nuttx/staging/libapps.a(nsh_console.c.home.miesho.dev.workspace.RTOS_benchmarking_analysis.NuttX.apps.nshlib.o)
 .text.nsh_newconsole
                0x000000000800aa34       0xac /home/miesho/dev/workspace/RTOS_benchmarking_analysis/NuttX/nuttx/staging/libapps.a(nsh_console.c.home.miesho.dev.workspace.RTOS_benchmarking_analysis.NuttX.apps.nshlib.o)
                0x000000000800aa34                nsh_newconsole
 .text.nsh_session
                0x000000000800aae0      0x16c /home/miesho/dev/workspace/RTOS_benchmarking_analysis/NuttX/nuttx/staging/libapps.a(nsh_session.c.home.miesho.dev.workspace.RTOS_benchmarking_analysis.NuttX.apps.nshlib.o)
                0x000000000800aae0                nsh_session
 .text.readline_getc
                0x000000000800ac4c       0x56 /home/miesho/dev/workspace/RTOS_benchmarking_analysis/NuttX/nuttx/staging/libapps.a(readline_fd.c.home.miesho.dev.workspace.RTOS_benchmarking_analysis.NuttX.apps.system.readline.o)
 .text.readline_putc
                0x000000000800aca2       0x54 /home/miesho/dev/workspace/RTOS_benchmarking_analysis/NuttX/nuttx/staging/libapps.a(readline_fd.c.home.miesho.dev.workspace.RTOS_benchmarking_analysis.NuttX.apps.system.readline.o)
 .text.readline_write
                0x000000000800acf6       0x2e /home/miesho/dev/workspace/RTOS_benchmarking_analysis/NuttX/nuttx/staging/libapps.a(readline_fd.c.home.miesho.dev.workspace.RTOS_benchmarking_analysis.NuttX.apps.system.readline.o)
 .text.readline_fd
                0x000000000800ad24       0x44 /home/miesho/dev/workspace/RTOS_benchmarking_analysis/NuttX/nuttx/staging/libapps.a(readline_fd.c.home.miesho.dev.workspace.RTOS_benchmarking_analysis.NuttX.apps.system.readline.o)
                0x000000000800ad24                readline_fd
 .text.readline_common
                0x000000000800ad68      0x124 /home/miesho/dev/workspace/RTOS_benchmarking_analysis/NuttX/nuttx/staging/libapps.a(readline_common.c.home.miesho.dev.workspace.RTOS_benchmarking_analysis.NuttX.apps.system.readline.o)
                0x000000000800ad68                readline_common
 .text.nsh_memlist_add
                0x000000000800ae8c       0x38 /home/miesho/dev/workspace/RTOS_benchmarking_analysis/NuttX/nuttx/staging/libapps.a(nsh_parse.c.home.miesho.dev.workspace.RTOS_benchmarking_analysis.NuttX.apps.nshlib.o)
 .text.nsh_memlist_free
                0x000000000800aec4       0x4c /home/miesho/dev/workspace/RTOS_benchmarking_analysis/NuttX/nuttx/staging/libapps.a(nsh_parse.c.home.miesho.dev.workspace.RTOS_benchmarking_analysis.NuttX.apps.nshlib.o)
 .text.nsh_alist_add
                0x000000000800af10       0x42 /home/miesho/dev/workspace/RTOS_benchmarking_analysis/NuttX/nuttx/staging/libapps.a(nsh_parse.c.home.miesho.dev.workspace.RTOS_benchmarking_analysis.NuttX.apps.nshlib.o)
 .text.nsh_alist_free
                0x000000000800af52       0x70 /home/miesho/dev/workspace/RTOS_benchmarking_analysis/NuttX/nuttx/staging/libapps.a(nsh_parse.c.home.miesho.dev.workspace.RTOS_benchmarking_analysis.NuttX.apps.nshlib.o)
 .text.nsh_releaseargs
                0x000000000800afc2       0x5e /home/miesho/dev/workspace/RTOS_benchmarking_analysis/NuttX/nuttx/staging/libapps.a(nsh_parse.c.home.miesho.dev.workspace.RTOS_benchmarking_analysis.NuttX.apps.nshlib.o)
 .text.nsh_child
                0x000000000800b020       0x2e /home/miesho/dev/workspace/RTOS_benchmarking_analysis/NuttX/nuttx/staging/libapps.a(nsh_parse.c.home.miesho.dev.workspace.RTOS_benchmarking_analysis.NuttX.apps.nshlib.o)
 .text.nsh_cloneargs
                0x000000000800b04e       0x6c /home/miesho/dev/workspace/RTOS_benchmarking_analysis/NuttX/nuttx/staging/libapps.a(nsh_parse.c.home.miesho.dev.workspace.RTOS_benchmarking_analysis.NuttX.apps.nshlib.o)
 .text.nsh_saveresult
                0x000000000800b0ba      0x102 /home/miesho/dev/workspace/RTOS_benchmarking_analysis/NuttX/nuttx/staging/libapps.a(nsh_parse.c.home.miesho.dev.workspace.RTOS_benchmarking_analysis.NuttX.apps.nshlib.o)
 .text.nsh_execute
                0x000000000800b1bc      0x250 /home/miesho/dev/workspace/RTOS_benchmarking_analysis/NuttX/nuttx/staging/libapps.a(nsh_parse.c.home.miesho.dev.workspace.RTOS_benchmarking_analysis.NuttX.apps.nshlib.o)
 .text.nsh_strcat
                0x000000000800b40c       0x7c /home/miesho/dev/workspace/RTOS_benchmarking_analysis/NuttX/nuttx/staging/libapps.a(nsh_parse.c.home.miesho.dev.workspace.RTOS_benchmarking_analysis.NuttX.apps.nshlib.o)
 .text.nsh_aliasexpand
                0x000000000800b488       0xac /home/miesho/dev/workspace/RTOS_benchmarking_analysis/NuttX/nuttx/staging/libapps.a(nsh_parse.c.home.miesho.dev.workspace.RTOS_benchmarking_analysis.NuttX.apps.nshlib.o)
 .text.nsh_envexpand
                0x000000000800b534       0x54 /home/miesho/dev/workspace/RTOS_benchmarking_analysis/NuttX/nuttx/staging/libapps.a(nsh_parse.c.home.miesho.dev.workspace.RTOS_benchmarking_analysis.NuttX.apps.nshlib.o)
 .text.nsh_rmquotes
                0x000000000800b588       0x48 /home/miesho/dev/workspace/RTOS_benchmarking_analysis/NuttX/nuttx/staging/libapps.a(nsh_parse.c.home.miesho.dev.workspace.RTOS_benchmarking_analysis.NuttX.apps.nshlib.o)
 .text.nsh_argexpand
                0x000000000800b5d0       0x48 /home/miesho/dev/workspace/RTOS_benchmarking_analysis/NuttX/nuttx/staging/libapps.a(nsh_parse.c.home.miesho.dev.workspace.RTOS_benchmarking_analysis.NuttX.apps.nshlib.o)
 .text.nsh_argument
                0x000000000800b618      0x1d4 /home/miesho/dev/workspace/RTOS_benchmarking_analysis/NuttX/nuttx/staging/libapps.a(nsh_parse.c.home.miesho.dev.workspace.RTOS_benchmarking_analysis.NuttX.apps.nshlib.o)
 .text.nsh_loop_enabled
                0x000000000800b7ec       0x42 /home/miesho/dev/workspace/RTOS_benchmarking_analysis/NuttX/nuttx/staging/libapps.a(nsh_parse.c.home.miesho.dev.workspace.RTOS_benchmarking_analysis.NuttX.apps.nshlib.o)
 .text.nsh_itef_enabled
                0x000000000800b82e       0x92 /home/miesho/dev/workspace/RTOS_benchmarking_analysis/NuttX/nuttx/staging/libapps.a(nsh_parse.c.home.miesho.dev.workspace.RTOS_benchmarking_analysis.NuttX.apps.nshlib.o)
 .text.nsh_cmdenabled
                0x000000000800b8c0       0x32 /home/miesho/dev/workspace/RTOS_benchmarking_analysis/NuttX/nuttx/staging/libapps.a(nsh_parse.c.home.miesho.dev.workspace.RTOS_benchmarking_analysis.NuttX.apps.nshlib.o)
 *fill*         0x000000000800b8f2        0x2 
 .text.nsh_loop
                0x000000000800b8f4      0x3d0 /home/miesho/dev/workspace/RTOS_benchmarking_analysis/NuttX/nuttx/staging/libapps.a(nsh_parse.c.home.miesho.dev.workspace.RTOS_benchmarking_analysis.NuttX.apps.nshlib.o)
 .text.nsh_itef
                0x000000000800bcc4      0x364 /home/miesho/dev/workspace/RTOS_benchmarking_analysis/NuttX/nuttx/staging/libapps.a(nsh_parse.c.home.miesho.dev.workspace.RTOS_benchmarking_analysis.NuttX.apps.nshlib.o)
 .text.nsh_nice
                0x000000000800c028       0xf0 /home/miesho/dev/workspace/RTOS_benchmarking_analysis/NuttX/nuttx/staging/libapps.a(nsh_parse.c.home.miesho.dev.workspace.RTOS_benchmarking_analysis.NuttX.apps.nshlib.o)
 .text.nsh_parse_command
                0x000000000800c118      0x318 /home/miesho/dev/workspace/RTOS_benchmarking_analysis/NuttX/nuttx/staging/libapps.a(nsh_parse.c.home.miesho.dev.workspace.RTOS_benchmarking_analysis.NuttX.apps.nshlib.o)
 .text.nsh_parse
                0x000000000800c430       0xf4 /home/miesho/dev/workspace/RTOS_benchmarking_analysis/NuttX/nuttx/staging/libapps.a(nsh_parse.c.home.miesho.dev.workspace.RTOS_benchmarking_analysis.NuttX.apps.nshlib.o)
                0x000000000800c430                nsh_parse
 .text.cmd_break
                0x000000000800c524       0x56 /home/miesho/dev/workspace/RTOS_benchmarking_analysis/NuttX/nuttx/staging/libapps.a(nsh_parse.c.home.miesho.dev.workspace.RTOS_benchmarking_analysis.NuttX.apps.nshlib.o)
                0x000000000800c524                cmd_break
 *fill*         0x000000000800c57a        0x2 
 .text.nsh_script
                0x000000000800c57c      0x170 /home/miesho/dev/workspace/RTOS_benchmarking_analysis/NuttX/nuttx/staging/libapps.a(nsh_script.c.home.miesho.dev.workspace.RTOS_benchmarking_analysis.NuttX.apps.nshlib.o)
                0x000000000800c57c                nsh_script
 .text.help_cmdlist
                0x000000000800c6ec      0x130 /home/miesho/dev/workspace/RTOS_benchmarking_analysis/NuttX/nuttx/staging/libapps.a(nsh_command.c.home.miesho.dev.workspace.RTOS_benchmarking_analysis.NuttX.apps.nshlib.o)
 .text.help_usage
                0x000000000800c81c       0xfc /home/miesho/dev/workspace/RTOS_benchmarking_analysis/NuttX/nuttx/staging/libapps.a(nsh_command.c.home.miesho.dev.workspace.RTOS_benchmarking_analysis.NuttX.apps.nshlib.o)
 .text.help_showcmd
                0x000000000800c918       0x40 /home/miesho/dev/workspace/RTOS_benchmarking_analysis/NuttX/nuttx/staging/libapps.a(nsh_command.c.home.miesho.dev.workspace.RTOS_benchmarking_analysis.NuttX.apps.nshlib.o)
 .text.help_cmd
                0x000000000800c958       0x6c /home/miesho/dev/workspace/RTOS_benchmarking_analysis/NuttX/nuttx/staging/libapps.a(nsh_command.c.home.miesho.dev.workspace.RTOS_benchmarking_analysis.NuttX.apps.nshlib.o)
 .text.help_allcmds
                0x000000000800c9c4       0x30 /home/miesho/dev/workspace/RTOS_benchmarking_analysis/NuttX/nuttx/staging/libapps.a(nsh_command.c.home.miesho.dev.workspace.RTOS_benchmarking_analysis.NuttX.apps.nshlib.o)
 .text.help_builtins
                0x000000000800c9f4      0x178 /home/miesho/dev/workspace/RTOS_benchmarking_analysis/NuttX/nuttx/staging/libapps.a(nsh_command.c.home.miesho.dev.workspace.RTOS_benchmarking_analysis.NuttX.apps.nshlib.o)
 .text.cmd_help
                0x000000000800cb6c       0xc8 /home/miesho/dev/workspace/RTOS_benchmarking_analysis/NuttX/nuttx/staging/libapps.a(nsh_command.c.home.miesho.dev.workspace.RTOS_benchmarking_analysis.NuttX.apps.nshlib.o)
 .text.cmd_unrecognized
                0x000000000800cc34       0x28 /home/miesho/dev/workspace/RTOS_benchmarking_analysis/NuttX/nuttx/staging/libapps.a(nsh_command.c.home.miesho.dev.workspace.RTOS_benchmarking_analysis.NuttX.apps.nshlib.o)
 .text.cmd_true
                0x000000000800cc5c       0x10 /home/miesho/dev/workspace/RTOS_benchmarking_analysis/NuttX/nuttx/staging/libapps.a(nsh_command.c.home.miesho.dev.workspace.RTOS_benchmarking_analysis.NuttX.apps.nshlib.o)
 .text.cmd_false
                0x000000000800cc6c       0x12 /home/miesho/dev/workspace/RTOS_benchmarking_analysis/NuttX/nuttx/staging/libapps.a(nsh_command.c.home.miesho.dev.workspace.RTOS_benchmarking_analysis.NuttX.apps.nshlib.o)
 .text.cmd_exit
                0x000000000800cc7e       0x14 /home/miesho/dev/workspace/RTOS_benchmarking_analysis/NuttX/nuttx/staging/libapps.a(nsh_command.c.home.miesho.dev.workspace.RTOS_benchmarking_analysis.NuttX.apps.nshlib.o)
 *fill*         0x000000000800cc92        0x2 
 .text.nsh_command
                0x000000000800cc94       0xa4 /home/miesho/dev/workspace/RTOS_benchmarking_analysis/NuttX/nuttx/staging/libapps.a(nsh_command.c.home.miesho.dev.workspace.RTOS_benchmarking_analysis.NuttX.apps.nshlib.o)
                0x000000000800cc94                nsh_command
 .text.ls_specialdir